Archive member included to satisfy reference by file (symbol)

c:/st/stm32cubeide_1.7.0/stm32cubeide/plugins/com.st.stm32cube.ide.mcu.externaltools.gnu-tools-for-stm32.9-2020-q2-update.win32_2.0.0.202105311346/tools/bin/../lib/gcc/arm-none-eabi/9.3.1/../../../../arm-none-eabi/lib/thumb/v7e-m+fp/hard\libc_nano.a(lib_a-errno.o)
                              ./Core/Src/syscalls.o (__errno)
c:/st/stm32cubeide_1.7.0/stm32cubeide/plugins/com.st.stm32cube.ide.mcu.externaltools.gnu-tools-for-stm32.9-2020-q2-update.win32_2.0.0.202105311346/tools/bin/../lib/gcc/arm-none-eabi/9.3.1/../../../../arm-none-eabi/lib/thumb/v7e-m+fp/hard\libc_nano.a(lib_a-exit.o)
                              c:/st/stm32cubeide_1.7.0/stm32cubeide/plugins/com.st.stm32cube.ide.mcu.externaltools.gnu-tools-for-stm32.9-2020-q2-update.win32_2.0.0.202105311346/tools/bin/../lib/gcc/arm-none-eabi/9.3.1/../../../../arm-none-eabi/lib/thumb/v7e-m+fp/hard/crt0.o (exit)
c:/st/stm32cubeide_1.7.0/stm32cubeide/plugins/com.st.stm32cube.ide.mcu.externaltools.gnu-tools-for-stm32.9-2020-q2-update.win32_2.0.0.202105311346/tools/bin/../lib/gcc/arm-none-eabi/9.3.1/../../../../arm-none-eabi/lib/thumb/v7e-m+fp/hard\libc_nano.a(lib_a-impure.o)
                              c:/st/stm32cubeide_1.7.0/stm32cubeide/plugins/com.st.stm32cube.ide.mcu.externaltools.gnu-tools-for-stm32.9-2020-q2-update.win32_2.0.0.202105311346/tools/bin/../lib/gcc/arm-none-eabi/9.3.1/../../../../arm-none-eabi/lib/thumb/v7e-m+fp/hard\libc_nano.a(lib_a-exit.o) (_global_impure_ptr)
c:/st/stm32cubeide_1.7.0/stm32cubeide/plugins/com.st.stm32cube.ide.mcu.externaltools.gnu-tools-for-stm32.9-2020-q2-update.win32_2.0.0.202105311346/tools/bin/../lib/gcc/arm-none-eabi/9.3.1/../../../../arm-none-eabi/lib/thumb/v7e-m+fp/hard\libc_nano.a(lib_a-init.o)
                              c:/st/stm32cubeide_1.7.0/stm32cubeide/plugins/com.st.stm32cube.ide.mcu.externaltools.gnu-tools-for-stm32.9-2020-q2-update.win32_2.0.0.202105311346/tools/bin/../lib/gcc/arm-none-eabi/9.3.1/../../../../arm-none-eabi/lib/thumb/v7e-m+fp/hard/crt0.o (__libc_init_array)
c:/st/stm32cubeide_1.7.0/stm32cubeide/plugins/com.st.stm32cube.ide.mcu.externaltools.gnu-tools-for-stm32.9-2020-q2-update.win32_2.0.0.202105311346/tools/bin/../lib/gcc/arm-none-eabi/9.3.1/../../../../arm-none-eabi/lib/thumb/v7e-m+fp/hard\libc_nano.a(lib_a-malloc.o)
                              ./Middlewares/ST/STM32_USB_Host_Library/Class/CDC/Src/usbh_cdc.o (malloc)
c:/st/stm32cubeide_1.7.0/stm32cubeide/plugins/com.st.stm32cube.ide.mcu.externaltools.gnu-tools-for-stm32.9-2020-q2-update.win32_2.0.0.202105311346/tools/bin/../lib/gcc/arm-none-eabi/9.3.1/../../../../arm-none-eabi/lib/thumb/v7e-m+fp/hard\libc_nano.a(lib_a-memset.o)
                              c:/st/stm32cubeide_1.7.0/stm32cubeide/plugins/com.st.stm32cube.ide.mcu.externaltools.gnu-tools-for-stm32.9-2020-q2-update.win32_2.0.0.202105311346/tools/bin/../lib/gcc/arm-none-eabi/9.3.1/../../../../arm-none-eabi/lib/thumb/v7e-m+fp/hard/crt0.o (memset)
c:/st/stm32cubeide_1.7.0/stm32cubeide/plugins/com.st.stm32cube.ide.mcu.externaltools.gnu-tools-for-stm32.9-2020-q2-update.win32_2.0.0.202105311346/tools/bin/../lib/gcc/arm-none-eabi/9.3.1/../../../../arm-none-eabi/lib/thumb/v7e-m+fp/hard\libc_nano.a(lib_a-nano-freer.o)
                              c:/st/stm32cubeide_1.7.0/stm32cubeide/plugins/com.st.stm32cube.ide.mcu.externaltools.gnu-tools-for-stm32.9-2020-q2-update.win32_2.0.0.202105311346/tools/bin/../lib/gcc/arm-none-eabi/9.3.1/../../../../arm-none-eabi/lib/thumb/v7e-m+fp/hard\libc_nano.a(lib_a-malloc.o) (_free_r)
c:/st/stm32cubeide_1.7.0/stm32cubeide/plugins/com.st.stm32cube.ide.mcu.externaltools.gnu-tools-for-stm32.9-2020-q2-update.win32_2.0.0.202105311346/tools/bin/../lib/gcc/arm-none-eabi/9.3.1/../../../../arm-none-eabi/lib/thumb/v7e-m+fp/hard\libc_nano.a(lib_a-nano-mallocr.o)
                              c:/st/stm32cubeide_1.7.0/stm32cubeide/plugins/com.st.stm32cube.ide.mcu.externaltools.gnu-tools-for-stm32.9-2020-q2-update.win32_2.0.0.202105311346/tools/bin/../lib/gcc/arm-none-eabi/9.3.1/../../../../arm-none-eabi/lib/thumb/v7e-m+fp/hard\libc_nano.a(lib_a-malloc.o) (_malloc_r)
c:/st/stm32cubeide_1.7.0/stm32cubeide/plugins/com.st.stm32cube.ide.mcu.externaltools.gnu-tools-for-stm32.9-2020-q2-update.win32_2.0.0.202105311346/tools/bin/../lib/gcc/arm-none-eabi/9.3.1/../../../../arm-none-eabi/lib/thumb/v7e-m+fp/hard\libc_nano.a(lib_a-sbrkr.o)
                              c:/st/stm32cubeide_1.7.0/stm32cubeide/plugins/com.st.stm32cube.ide.mcu.externaltools.gnu-tools-for-stm32.9-2020-q2-update.win32_2.0.0.202105311346/tools/bin/../lib/gcc/arm-none-eabi/9.3.1/../../../../arm-none-eabi/lib/thumb/v7e-m+fp/hard\libc_nano.a(lib_a-nano-mallocr.o) (_sbrk_r)
c:/st/stm32cubeide_1.7.0/stm32cubeide/plugins/com.st.stm32cube.ide.mcu.externaltools.gnu-tools-for-stm32.9-2020-q2-update.win32_2.0.0.202105311346/tools/bin/../lib/gcc/arm-none-eabi/9.3.1/../../../../arm-none-eabi/lib/thumb/v7e-m+fp/hard\libc_nano.a(lib_a-mlock.o)
[...]
Memory Configuration

Name             Origin             Length             Attributes
CCMRAM           0x0000000010000000 0x0000000000010000 xrw
RAM              0x0000000020000000 0x0000000000020000 xrw
FLASH            0x0000000008008000 0x0000000000100000 xr
*default*        0x0000000000000000 0xffffffffffffffff

Linker script and memory map

LOAD c:/st/stm32cubeide_1.7.0/stm32cubeide/plugins/com.st.stm32cube.ide.mcu.externaltools.gnu-tools-for-stm32.9-2020-q2-update.win32_2.0.0.202105311346/tools/bin/../lib/gcc/arm-none-eabi/9.3.1/thumb/v7e-m+fp/hard/crti.o
LOAD c:/st/stm32cubeide_1.7.0/stm32cubeide/plugins/com.st.stm32cube.ide.mcu.externaltools.gnu-tools-for-stm32.9-2020-q2-update.win32_2.0.0.202105311346/tools/bin/../lib/gcc/arm-none-eabi/9.3.1/thumb/v7e-m+fp/hard/crtbegin.o
LOAD c:/st/stm32cubeide_1.7.0/stm32cubeide/plugins/com.st.stm32cube.ide.mcu.externaltools.gnu-tools-for-stm32.9-2020-q2-update.win32_2.0.0.202105311346/tools/bin/../lib/gcc/arm-none-eabi/9.3.1/../../../../arm-none-eabi/lib/thumb/v7e-m+fp/hard/crt0.o
LOAD ./Core/Src/main.o
LOAD ./Core/Src/stm32f4xx_hal_msp.o
LOAD ./Core/Src/stm32f4xx_it.o
LOAD ./Core/Src/syscalls.o
LOAD ./Core/Src/sysmem.o
LOAD ./Core/Src/system_stm32f4xx.o
LOAD ./Core/Startup/startup_stm32f407vgtx.o
LOAD ./Drivers/STM32F4xx_HAL_Driver/Src/stm32f4xx_hal.o
LOAD ./Drivers/STM32F4xx_HAL_Driver/Src/stm32f4xx_hal_cortex.o
LOAD ./Drivers/STM32F4xx_HAL_Driver/Src/stm32f4xx_hal_dma.o
LOAD ./Drivers/STM32F4xx_HAL_Driver/Src/stm32f4xx_hal_dma_ex.o
LOAD ./Drivers/STM32F4xx_HAL_Driver/Src/stm32f4xx_hal_exti.o
LOAD ./Drivers/STM32F4xx_HAL_Driver/Src/stm32f4xx_hal_flash.o
LOAD ./Drivers/STM32F4xx_HAL_Driver/Src/stm32f4xx_hal_flash_ex.o
LOAD ./Drivers/STM32F4xx_HAL_Driver/Src/stm32f4xx_hal_flash_ramfunc.o
LOAD ./Drivers/STM32F4xx_HAL_Driver/Src/stm32f4xx_hal_gpio.o
LOAD ./Drivers/STM32F4xx_HAL_Driver/Src/stm32f4xx_hal_hcd.o
LOAD ./Drivers/STM32F4xx_HAL_Driver/Src/stm32f4xx_hal_i2c.o
LOAD ./Drivers/STM32F4xx_HAL_Driver/Src/stm32f4xx_hal_i2c_ex.o
LOAD ./Drivers/STM32F4xx_HAL_Driver/Src/stm32f4xx_hal_i2s.o
LOAD ./Drivers/STM32F4xx_HAL_Driver/Src/stm32f4xx_hal_i2s_ex.o
LOAD ./Drivers/STM32F4xx_HAL_Driver/Src/stm32f4xx_hal_pwr.o
LOAD ./Drivers/STM32F4xx_HAL_Driver/Src/stm32f4xx_hal_pwr_ex.o
LOAD ./Drivers/STM32F4xx_HAL_Driver/Src/stm32f4xx_hal_rcc.o
LOAD ./Drivers/STM32F4xx_HAL_Driver/Src/stm32f4xx_hal_rcc_ex.o
LOAD ./Drivers/STM32F4xx_HAL_Driver/Src/stm32f4xx_hal_spi.o
LOAD ./Drivers/STM32F4xx_HAL_Driver/Src/stm32f4xx_hal_tim.o
LOAD ./Drivers/STM32F4xx_HAL_Driver/Src/stm32f4xx_hal_tim_ex.o
LOAD ./Drivers/STM32F4xx_HAL_Driver/Src/stm32f4xx_hal_uart.o
LOAD ./Drivers/STM32F4xx_HAL_Driver/Src/stm32f4xx_ll_usb.o
LOAD ./Middlewares/ST/STM32_USB_Host_Library/Class/CDC/Src/usbh_cdc.o
LOAD ./Middlewares/ST/STM32_USB_Host_Library/Core/Src/usbh_core.o
LOAD ./Middlewares/ST/STM32_USB_Host_Library/Core/Src/usbh_ctlreq.o
LOAD ./Middlewares/ST/STM32_USB_Host_Library/Core/Src/usbh_ioreq.o
LOAD ./Middlewares/ST/STM32_USB_Host_Library/Core/Src/usbh_pipes.o
LOAD ./USB_HOST/App/usb_host.o
LOAD ./USB_HOST/Target/usbh_conf.o
LOAD ./USB_HOST/Target/usbh_platform.o
START GROUP
LOAD c:/st/stm32cubeide_1.7.0/stm32cubeide/plugins/com.st.stm32cube.ide.mcu.externaltools.gnu-tools-for-stm32.9-2020-q2-update.win32_2.0.0.202105311346/tools/bin/../lib/gcc/arm-none-eabi/9.3.1/../../../../arm-none-eabi/lib/thumb/v7e-m+fp/hard\libc_nano.a
LOAD c:/st/stm32cubeide_1.7.0/stm32cubeide/plugins/com.st.stm32cube.ide.mcu.externaltools.gnu-tools-for-stm32.9-2020-q2-update.win32_2.0.0.202105311346/tools/bin/../lib/gcc/arm-none-eabi/9.3.1/../../../../arm-none-eabi/lib/thumb/v7e-m+fp/hard\libm.a
END GROUP
START GROUP
LOAD c:/st/stm32cubeide_1.7.0/stm32cubeide/plugins/com.st.stm32cube.ide.mcu.externaltools.gnu-tools-for-stm32.9-2020-q2-update.win32_2.0.0.202105311346/tools/bin/../lib/gcc/arm-none-eabi/9.3.1/thumb/v7e-m+fp/hard\libgcc.a
LOAD c:/st/stm32cubeide_1.7.0/stm32cubeide/plugins/com.st.stm32cube.ide.mcu.externaltools.gnu-tools-for-stm32.9-2020-q2-update.win32_2.0.0.202105311346/tools/bin/../lib/gcc/arm-none-eabi/9.3.1/../../../../arm-none-eabi/lib/thumb/v7e-m+fp/hard\libc_nano.a
END GROUP
START GROUP
LOAD c:/st/stm32cubeide_1.7.0/stm32cubeide/plugins/com.st.stm32cube.ide.mcu.externaltools.gnu-tools-for-stm32.9-2020-q2-update.win32_2.0.0.202105311346/tools/bin/../lib/gcc/arm-none-eabi/9.3.1/thumb/v7e-m+fp/hard\libgcc.a
LOAD c:/st/stm32cubeide_1.7.0/stm32cubeide/plugins/com.st.stm32cube.ide.mcu.externaltools.gnu-tools-for-stm32.9-2020-q2-update.win32_2.0.0.202105311346/tools/bin/../lib/gcc/arm-none-eabi/9.3.1/../../../../arm-none-eabi/lib/thumb/v7e-m+fp/hard\libc_nano.a
LOAD c:/st/stm32cubeide_1.7.0/stm32cubeide/plugins/com.st.stm32cube.ide.mcu.externaltools.gnu-tools-for-stm32.9-2020-q2-update.win32_2.0.0.202105311346/tools/bin/../lib/gcc/arm-none-eabi/9.3.1/../../../../arm-none-eabi/lib/thumb/v7e-m+fp/hard\libnosys.a
END GROUP
START GROUP
LOAD c:/st/stm32cubeide_1.7.0/stm32cubeide/plugins/com.st.stm32cube.ide.mcu.externaltools.gnu-tools-for-stm32.9-2020-q2-update.win32_2.0.0.202105311346/tools/bin/../lib/gcc/arm-none-eabi/9.3.1/thumb/v7e-m+fp/hard\libgcc.a
LOAD c:/st/stm32cubeide_1.7.0/stm32cubeide/plugins/com.st.stm32cube.ide.mcu.externaltools.gnu-tools-for-stm32.9-2020-q2-update.win32_2.0.0.202105311346/tools/bin/../lib/gcc/arm-none-eabi/9.3.1/../../../../arm-none-eabi/lib/thumb/v7e-m+fp/hard\libc_nano.a
LOAD c:/st/stm32cubeide_1.7.0/stm32cubeide/plugins/com.st.stm32cube.ide.mcu.externaltools.gnu-tools-for-stm32.9-2020-q2-update.win32_2.0.0.202105311346/tools/bin/../lib/gcc/arm-none-eabi/9.3.1/../../../../arm-none-eabi/lib/thumb/v7e-m+fp/hard\libnosys.a
END GROUP
LOAD c:/st/stm32cubeide_1.7.0/stm32cubeide/plugins/com.st.stm32cube.ide.mcu.externaltools.gnu-tools-for-stm32.9-2020-q2-update.win32_2.0.0.202105311346/tools/bin/../lib/gcc/arm-none-eabi/9.3.1/thumb/v7e-m+fp/hard/crtend.o
LOAD c:/st/stm32cubeide_1.7.0/stm32cubeide/plugins/com.st.stm32cube.ide.mcu.externaltools.gnu-tools-for-stm32.9-2020-q2-update.win32_2.0.0.202105311346/tools/bin/../lib/gcc/arm-none-eabi/9.3.1/thumb/v7e-m+fp/hard/crtn.o
                0x0000000020020000                _estack = (ORIGIN (RAM) + LENGTH (RAM))
                0x0000000000000200                _Min_Heap_Size = 0x200
                0x0000000000000400                _Min_Stack_Size = 0x400

.isr_vector     0x0000000008008000      0x188
                0x0000000008008000                . = ALIGN (0x4)
 *(.isr_vector)
 .isr_vector    0x0000000008008000      0x188 ./Core/Startup/startup_stm32f407vgtx.o
                0x0000000008008000                g_pfnVectors
                0x0000000008008188                . = ALIGN (0x4)

.text           0x0000000008008188     0x8380
                0x0000000008008188                . = ALIGN (0x4)
 *(.text)
 .text          0x0000000008008188       0x40 c:/st/stm32cubeide_1.7.0/stm32cubeide/plugins/com.st.stm32cube.ide.mcu.externaltools.gnu-tools-for-stm32.9-2020-q2-update.win32_2.0.0.202105311346/tools/bin/../lib/gcc/arm-none-eabi/9.3.1/thumb/v7e-m+fp/hard/crtbegin.o
 .text          0x00000000080081c8       0x30 c:/st/stm32cubeide_1.7.0/stm32cubeide/plugins/com.st.stm32cube.ide.mcu.externaltools.gnu-tools-for-stm32.9-2020-q2-update.win32_2.0.0.202105311346/tools/bin/../lib/gcc/arm-none-eabi/9.3.1/thumb/v7e-m+fp/hard\libgcc.a(_aeabi_uldivmod.o)
                0x00000000080081c8                __aeabi_uldivmod
 .text          0x00000000080081f8      0x2c4 c:/st/stm32cubeide_1.7.0/stm32cubeide/plugins/com.st.stm32cube.ide.mcu.externaltools.gnu-tools-for-stm32.9-2020-q2-update.win32_2.0.0.202105311346/tools/bin/../lib/gcc/arm-none-eabi/9.3.1/thumb/v7e-m+fp/hard\libgcc.a(_udivmoddi4.o)
                0x00000000080081f8                __udivmoddi4
 .text          0x00000000080084bc        0x4 c:/st/stm32cubeide_1.7.0/stm32cubeide/plugins/com.st.stm32cube.ide.mcu.externaltools.gnu-tools-for-stm32.9-2020-q2-update.win32_2.0.0.202105311346/tools/bin/../lib/gcc/arm-none-eabi/9.3.1/thumb/v7e-m+fp/hard\libgcc.a(_dvmd_tls.o)
                0x00000000080084bc                __aeabi_idiv0
                0x00000000080084bc                __aeabi_ldiv0
 *(.text*)
 .text.main     0x00000000080084c0       0x60 ./Core/Src/main.o
                0x00000000080084c0                main
 .text.SystemClock_Config
                0x0000000008008520       0xd4 ./Core/Src/main.o
                0x0000000008008520                SystemClock_Config
 .text.MX_I2C1_Init
                0x00000000080085f4       0x5c ./Core/Src/main.o
 .text.MX_I2S3_Init
                0x0000000008008650       0x60 ./Core/Src/main.o
 .text.MX_SPI1_Init
                0x00000000080086b0       0x6c ./Core/Src/main.o
 .text.MX_USART2_UART_Init
                0x000000000800871c       0x54 ./Core/Src/main.o
 .text.MX_USART3_UART_Init
                0x0000000008008770       0x54 ./Core/Src/main.o
 .text.MX_GPIO_Init
                0x00000000080087c4      0x20c ./Core/Src/main.o
 .text.Error_Handler
                0x00000000080089d0        0xa ./Core/Src/main.o
                0x00000000080089d0                Error_Handler
 *fill*         0x00000000080089da        0x2 
 .text.HAL_MspInit
                0x00000000080089dc       0x50 ./Core/Src/stm32f4xx_hal_msp.o
                0x00000000080089dc                HAL_MspInit
 .text.HAL_I2C_MspInit
                0x0000000008008a2c       0x90 ./Core/Src/stm32f4xx_hal_msp.o
                0x0000000008008a2c                HAL_I2C_MspInit
 .text.HAL_I2S_MspInit
                0x0000000008008abc      0x100 ./Core/Src/stm32f4xx_hal_msp.o
                0x0000000008008abc                HAL_I2S_MspInit
 .text.HAL_SPI_MspInit
                0x0000000008008bbc       0x90 ./Core/Src/stm32f4xx_hal_msp.o
                0x0000000008008bbc                HAL_SPI_MspInit
 .text.HAL_UART_MspInit
                0x0000000008008c4c      0x140 ./Core/Src/stm32f4xx_hal_msp.o
                0x0000000008008c4c                HAL_UART_MspInit
 .text.NMI_Handler
                0x0000000008008d8c        0x6 ./Core/Src/stm32f4xx_it.o
                0x0000000008008d8c                NMI_Handler
 .text.HardFault_Handler
                0x0000000008008d92        0x6 ./Core/Src/stm32f4xx_it.o
                0x0000000008008d92                HardFault_Handler
 .text.MemManage_Handler
                0x0000000008008d98        0x6 ./Core/Src/stm32f4xx_it.o
                0x0000000008008d98                MemManage_Handler
 .text.BusFault_Handler
                0x0000000008008d9e        0x6 ./Core/Src/stm32f4xx_it.o
                0x0000000008008d9e                BusFault_Handler
 .text.UsageFault_Handler
                0x0000000008008da4        0x6 ./Core/Src/stm32f4xx_it.o
                0x0000000008008da4                UsageFault_Handler
 .text.SVC_Handler
                0x0000000008008daa        0xe ./Core/Src/stm32f4xx_it.o
                0x0000000008008daa                SVC_Handler
 .text.DebugMon_Handler
                0x0000000008008db8        0xe ./Core/Src/stm32f4xx_it.o
                0x0000000008008db8                DebugMon_Handler
 .text.PendSV_Handler
                0x0000000008008dc6        0xe ./Core/Src/stm32f4xx_it.o
                0x0000000008008dc6                PendSV_Handler
 .text.SysTick_Handler
                0x0000000008008dd4        0xc ./Core/Src/stm32f4xx_it.o
                0x0000000008008dd4                SysTick_Handler
 .text.EXTI0_IRQHandler
                0x0000000008008de0       0x44 ./Core/Src/stm32f4xx_it.o
                0x0000000008008de0                EXTI0_IRQHandler
 .text.OTG_FS_IRQHandler
                0x0000000008008e24       0x14 ./Core/Src/stm32f4xx_it.o
                0x0000000008008e24                OTG_FS_IRQHandler
 .text._sbrk    0x0000000008008e38       0x6c ./Core/Src/sysmem.o
                0x0000000008008e38                _sbrk
 .text.SystemInit
                0x0000000008008ea4       0x2c ./Core/Src/system_stm32f4xx.o
                0x0000000008008ea4                SystemInit
 .text.Reset_Handler
                0x0000000008008ed0       0x50 ./Core/Startup/startup_stm32f407vgtx.o
                0x0000000008008ed0                Reset_Handler
 .text.Default_Handler
                0x0000000008008f20        0x2 ./Core/Startup/startup_stm32f407vgtx.o
                0x0000000008008f20                RTC_Alarm_IRQHandler
                0x0000000008008f20                HASH_RNG_IRQHandler
                0x0000000008008f20                EXTI2_IRQHandler
                0x0000000008008f20                TIM8_CC_IRQHandler
                0x0000000008008f20                TIM1_CC_IRQHandler
                0x0000000008008f20                DMA2_Stream5_IRQHandler
                0x0000000008008f20                DMA1_Stream5_IRQHandler
                0x0000000008008f20                PVD_IRQHandler
                0x0000000008008f20                SDIO_IRQHandler
                0x0000000008008f20                TAMP_STAMP_IRQHandler
                0x0000000008008f20                CAN2_RX1_IRQHandler
                0x0000000008008f20                EXTI3_IRQHandler
                0x0000000008008f20                TIM8_TRG_COM_TIM14_IRQHandler
                0x0000000008008f20                TIM1_UP_TIM10_IRQHandler
                0x0000000008008f20                TIM8_UP_TIM13_IRQHandler
                0x0000000008008f20                I2C3_ER_IRQHandler
                0x0000000008008f20                I2C2_EV_IRQHandler
                0x0000000008008f20                DMA1_Stream2_IRQHandler
                0x0000000008008f20                CAN1_RX0_IRQHandler
                0x0000000008008f20                FPU_IRQHandler
                0x0000000008008f20                OTG_HS_WKUP_IRQHandler
                0x0000000008008f20                CAN2_SCE_IRQHandler
                0x0000000008008f20                DMA2_Stream2_IRQHandler
                0x0000000008008f20                SPI1_IRQHandler
                0x0000000008008f20                TIM6_DAC_IRQHandler
                0x0000000008008f20                TIM1_BRK_TIM9_IRQHandler
                0x0000000008008f20                DCMI_IRQHandler
                0x0000000008008f20                CAN2_RX0_IRQHandler
                0x0000000008008f20                DMA2_Stream3_IRQHandler
                0x0000000008008f20                USART6_IRQHandler
                0x0000000008008f20                USART3_IRQHandler
                0x0000000008008f20                CAN1_RX1_IRQHandler
                0x0000000008008f20                UART5_IRQHandler
                0x0000000008008f20                DMA2_Stream0_IRQHandler
                0x0000000008008f20                TIM4_IRQHandler
                0x0000000008008f20                I2C1_EV_IRQHandler
                0x0000000008008f20                DMA1_Stream6_IRQHandler
                0x0000000008008f20                DMA1_Stream1_IRQHandler
                0x0000000008008f20                UART4_IRQHandler
                0x0000000008008f20                TIM3_IRQHandler
                0x0000000008008f20                RCC_IRQHandler
                0x0000000008008f20                TIM8_BRK_TIM12_IRQHandler
                0x0000000008008f20                Default_Handler
                0x0000000008008f20                EXTI15_10_IRQHandler
                0x0000000008008f20                ADC_IRQHandler
                0x0000000008008f20                DMA1_Stream7_IRQHandler
                0x0000000008008f20                TIM7_IRQHandler
                0x0000000008008f20                CAN2_TX_IRQHandler
                0x0000000008008f20                TIM5_IRQHandler
                0x0000000008008f20                DMA2_Stream7_IRQHandler
                0x0000000008008f20                I2C3_EV_IRQHandler
                0x0000000008008f20                EXTI9_5_IRQHandler
                0x0000000008008f20                RTC_WKUP_IRQHandler
                0x0000000008008f20                ETH_WKUP_IRQHandler
                0x0000000008008f20                SPI2_IRQHandler
                0x0000000008008f20                OTG_HS_EP1_IN_IRQHandler
                0x0000000008008f20                DMA1_Stream0_IRQHandler
                0x0000000008008f20                CAN1_TX_IRQHandler
                0x0000000008008f20                EXTI4_IRQHandler
                0x0000000008008f20                FSMC_IRQHandler
                0x0000000008008f20                ETH_IRQHandler
                0x0000000008008f20                OTG_HS_EP1_OUT_IRQHandler
                0x0000000008008f20                WWDG_IRQHandler
                0x0000000008008f20                TIM2_IRQHandler
                0x0000000008008f20                OTG_FS_WKUP_IRQHandler
                0x0000000008008f20                TIM1_TRG_COM_TIM11_IRQHandler
                0x0000000008008f20                OTG_HS_IRQHandler
                0x0000000008008f20                EXTI1_IRQHandler
                0x0000000008008f20                USART2_IRQHandler
                0x0000000008008f20                I2C2_ER_IRQHandler
                0x0000000008008f20                DMA2_Stream1_IRQHandler
                0x0000000008008f20                CAN1_SCE_IRQHandler
                0x0000000008008f20                FLASH_IRQHandler
                0x0000000008008f20                DMA2_Stream4_IRQHandler
                0x0000000008008f20                USART1_IRQHandler
                0x0000000008008f20                SPI3_IRQHandler
                0x0000000008008f20                DMA1_Stream4_IRQHandler
                0x0000000008008f20                I2C1_ER_IRQHandler
                0x0000000008008f20                DMA2_Stream6_IRQHandler
                0x0000000008008f20                DMA1_Stream3_IRQHandler
 *fill*         0x0000000008008f22        0x2 
 .text.HAL_Init
                0x0000000008008f24       0x44 ./Drivers/STM32F4xx_HAL_Driver/Src/stm32f4xx_hal.o
                0x0000000008008f24                HAL_Init
 .text.HAL_InitTick
                0x0000000008008f68       0x60 ./Drivers/STM32F4xx_HAL_Driver/Src/stm32f4xx_hal.o
                0x0000000008008f68                HAL_InitTick
 .text.HAL_IncTick
                0x0000000008008fc8       0x28 ./Drivers/STM32F4xx_HAL_Driver/Src/stm32f4xx_hal.o
                0x0000000008008fc8                HAL_IncTick
 .text.HAL_GetTick
                0x0000000008008ff0       0x18 ./Drivers/STM32F4xx_HAL_Driver/Src/stm32f4xx_hal.o
                0x0000000008008ff0                HAL_GetTick
 .text.HAL_Delay
                0x0000000008009008       0x48 ./Drivers/STM32F4xx_HAL_Driver/Src/stm32f4xx_hal.o
                0x0000000008009008                HAL_Delay
 .text.__NVIC_SetPriorityGrouping
                0x0000000008009050       0x48 ./Drivers/STM32F4xx_HAL_Driver/Src/stm32f4xx_hal_cortex.o
 .text.__NVIC_GetPriorityGrouping
                0x0000000008009098       0x1c ./Drivers/STM32F4xx_HAL_Driver/Src/stm32f4xx_hal_cortex.o
 .text.__NVIC_EnableIRQ
                0x00000000080090b4       0x3c ./Drivers/STM32F4xx_HAL_Driver/Src/stm32f4xx_hal_cortex.o
 .text.__NVIC_SetPriority
                0x00000000080090f0       0x54 ./Drivers/STM32F4xx_HAL_Driver/Src/stm32f4xx_hal_cortex.o
 .text.NVIC_EncodePriority
                0x0000000008009144       0x66 ./Drivers/STM32F4xx_HAL_Driver/Src/stm32f4xx_hal_cortex.o
 *fill*         0x00000000080091aa        0x2 
 .text.SysTick_Config
                0x00000000080091ac       0x44 ./Drivers/STM32F4xx_HAL_Driver/Src/stm32f4xx_hal_cortex.o
 .text.HAL_NVIC_SetPriorityGrouping
                0x00000000080091f0       0x16 ./Drivers/STM32F4xx_HAL_Driver/Src/stm32f4xx_hal_cortex.o
                0x00000000080091f0                HAL_NVIC_SetPriorityGrouping
 .text.HAL_NVIC_SetPriority
                0x0000000008009206       0x38 ./Drivers/STM32F4xx_HAL_Driver/Src/stm32f4xx_hal_cortex.o
                0x0000000008009206                HAL_NVIC_SetPriority
 .text.HAL_NVIC_EnableIRQ
                0x000000000800923e       0x1c ./Drivers/STM32F4xx_HAL_Driver/Src/stm32f4xx_hal_cortex.o
                0x000000000800923e                HAL_NVIC_EnableIRQ
 .text.HAL_SYSTICK_Config
                0x000000000800925a       0x18 ./Drivers/STM32F4xx_HAL_Driver/Src/stm32f4xx_hal_cortex.o
                0x000000000800925a                HAL_SYSTICK_Config
 *fill*         0x0000000008009272        0x2 
 .text.HAL_GPIO_Init
                0x0000000008009274      0x338 ./Drivers/STM32F4xx_HAL_Driver/Src/stm32f4xx_hal_gpio.o
                0x0000000008009274                HAL_GPIO_Init
 .text.HAL_GPIO_WritePin
                0x00000000080095ac       0x32 ./Drivers/STM32F4xx_HAL_Driver/Src/stm32f4xx_hal_gpio.o
                0x00000000080095ac                HAL_GPIO_WritePin
 *fill*         0x00000000080095de        0x2 
 .text.HAL_GPIO_EXTI_IRQHandler
                0x00000000080095e0       0x30 ./Drivers/STM32F4xx_HAL_Driver/Src/stm32f4xx_hal_gpio.o
                0x00000000080095e0                HAL_GPIO_EXTI_IRQHandler
 .text.HAL_GPIO_EXTI_Callback
                0x0000000008009610       0x16 ./Drivers/STM32F4xx_HAL_Driver/Src/stm32f4xx_hal_gpio.o
                0x0000000008009610                HAL_GPIO_EXTI_Callback
 .text.HAL_HCD_Init
                0x0000000008009626       0xc4 ./Drivers/STM32F4xx_HAL_Driver/Src/stm32f4xx_hal_hcd.o
                0x0000000008009626                HAL_HCD_Init
 .text.HAL_HCD_HC_Init
                0x00000000080096ea      0x11e ./Drivers/STM32F4xx_HAL_Driver/Src/stm32f4xx_hal_hcd.o
                0x00000000080096ea                HAL_HCD_HC_Init
 .text.HAL_HCD_HC_Halt
                0x0000000008009808       0x46 ./Drivers/STM32F4xx_HAL_Driver/Src/stm32f4xx_hal_hcd.o
                0x0000000008009808                HAL_HCD_HC_Halt
 *fill*         0x000000000800984e        0x2 
 .text.HAL_HCD_HC_SubmitRequest
                0x0000000008009850      0x2ac ./Drivers/STM32F4xx_HAL_Driver/Src/stm32f4xx_hal_hcd.o
                0x0000000008009850                HAL_HCD_HC_SubmitRequest
 .text.HAL_HCD_IRQHandler
                0x0000000008009afc      0x216 ./Drivers/STM32F4xx_HAL_Driver/Src/stm32f4xx_hal_hcd.o
                0x0000000008009afc                HAL_HCD_IRQHandler
 .text.HAL_HCD_Start
                0x0000000008009d12       0x46 ./Drivers/STM32F4xx_HAL_Driver/Src/stm32f4xx_hal_hcd.o
                0x0000000008009d12                HAL_HCD_Start
 .text.HAL_HCD_Stop
                0x0000000008009d58       0x3a ./Drivers/STM32F4xx_HAL_Driver/Src/stm32f4xx_hal_hcd.o
                0x0000000008009d58                HAL_HCD_Stop
 .text.HAL_HCD_ResetPort
                0x0000000008009d92       0x1c ./Drivers/STM32F4xx_HAL_Driver/Src/stm32f4xx_hal_hcd.o
                0x0000000008009d92                HAL_HCD_ResetPort
 .text.HAL_HCD_HC_GetURBState
                0x0000000008009dae       0x28 ./Drivers/STM32F4xx_HAL_Driver/Src/stm32f4xx_hal_hcd.o
                0x0000000008009dae                HAL_HCD_HC_GetURBState
 .text.HAL_HCD_HC_GetXferCount
                0x0000000008009dd6       0x28 ./Drivers/STM32F4xx_HAL_Driver/Src/stm32f4xx_hal_hcd.o
                0x0000000008009dd6                HAL_HCD_HC_GetXferCount
 .text.HAL_HCD_GetCurrentFrame
                0x0000000008009dfe       0x1c ./Drivers/STM32F4xx_HAL_Driver/Src/stm32f4xx_hal_hcd.o
                0x0000000008009dfe                HAL_HCD_GetCurrentFrame
 .text.HAL_HCD_GetCurrentSpeed
                0x0000000008009e1a       0x1c ./Drivers/STM32F4xx_HAL_Driver/Src/stm32f4xx_hal_hcd.o
                0x0000000008009e1a                HAL_HCD_GetCurrentSpeed
 .text.HCD_HC_IN_IRQHandler
                0x0000000008009e36      0x844 ./Drivers/STM32F4xx_HAL_Driver/Src/stm32f4xx_hal_hcd.o
 .text.HCD_HC_OUT_IRQHandler
                0x000000000800a67a      0x802 ./Drivers/STM32F4xx_HAL_Driver/Src/stm32f4xx_hal_hcd.o
 .text.HCD_RXQLVL_IRQHandler
                0x000000000800ae7c      0x1a4 ./Drivers/STM32F4xx_HAL_Driver/Src/stm32f4xx_hal_hcd.o
 .text.HCD_Port_IRQHandler
                0x000000000800b020       0xe6 ./Drivers/STM32F4xx_HAL_Driver/Src/stm32f4xx_hal_hcd.o
 *fill*         0x000000000800b106        0x2 
 .text.HAL_I2C_Init
                0x000000000800b108      0x288 ./Drivers/STM32F4xx_HAL_Driver/Src/stm32f4xx_hal_i2c.o
                0x000000000800b108                HAL_I2C_Init
 .text.HAL_I2S_Init
                0x000000000800b390      0x280 ./Drivers/STM32F4xx_HAL_Driver/Src/stm32f4xx_hal_i2s.o
                0x000000000800b390                HAL_I2S_Init
 .text.HAL_I2S_TxCpltCallback
                0x000000000800b610       0x14 ./Drivers/STM32F4xx_HAL_Driver/Src/stm32f4xx_hal_i2s.o
                0x000000000800b610                HAL_I2S_TxCpltCallback
 .text.HAL_I2S_RxCpltCallback
                0x000000000800b624       0x14 ./Drivers/STM32F4xx_HAL_Driver/Src/stm32f4xx_hal_i2s.o
                0x000000000800b624                HAL_I2S_RxCpltCallback
 .text.HAL_I2S_ErrorCallback
                0x000000000800b638       0x14 ./Drivers/STM32F4xx_HAL_Driver/Src/stm32f4xx_hal_i2s.o
                0x000000000800b638                HAL_I2S_ErrorCallback
 .text.I2S_Transmit_IT
                0x000000000800b64c       0x5c ./Drivers/STM32F4xx_HAL_Driver/Src/stm32f4xx_hal_i2s.o
 .text.I2S_Receive_IT
                0x000000000800b6a8       0x5e ./Drivers/STM32F4xx_HAL_Driver/Src/stm32f4xx_hal_i2s.o
 .text.I2S_IRQHandler
                0x000000000800b706      0x114 ./Drivers/STM32F4xx_HAL_Driver/Src/stm32f4xx_hal_i2s.o
 *fill*         0x000000000800b81a        0x2 
 .text.HAL_I2SEx_FullDuplex_IRQHandler
                0x000000000800b81c      0x2a8 ./Drivers/STM32F4xx_HAL_Driver/Src/stm32f4xx_hal_i2s_ex.o
                0x000000000800b81c                HAL_I2SEx_FullDuplex_IRQHandler
 .text.HAL_I2SEx_TxRxCpltCallback
                0x000000000800bac4       0x14 ./Drivers/STM32F4xx_HAL_Driver/Src/stm32f4xx_hal_i2s_ex.o
                0x000000000800bac4                HAL_I2SEx_TxRxCpltCallback
 .text.I2SEx_TxISR_I2S
                0x000000000800bad8       0x62 ./Drivers/STM32F4xx_HAL_Driver/Src/stm32f4xx_hal_i2s_ex.o
 *fill*         0x000000000800bb3a        0x2 
 .text.I2SEx_TxISR_I2SExt
                0x000000000800bb3c       0x98 ./Drivers/STM32F4xx_HAL_Driver/Src/stm32f4xx_hal_i2s_ex.o
 .text.I2SEx_RxISR_I2S
                0x000000000800bbd4       0x64 ./Drivers/STM32F4xx_HAL_Driver/Src/stm32f4xx_hal_i2s_ex.o
 .text.I2SEx_RxISR_I2SExt
                0x000000000800bc38       0x98 ./Drivers/STM32F4xx_HAL_Driver/Src/stm32f4xx_hal_i2s_ex.o
 .text.HAL_RCC_OscConfig
                0x000000000800bcd0      0x4f0 ./Drivers/STM32F4xx_HAL_Driver/Src/stm32f4xx_hal_rcc.o
                0x000000000800bcd0                HAL_RCC_OscConfig
 .text.HAL_RCC_ClockConfig
                0x000000000800c1c0      0x1cc ./Drivers/STM32F4xx_HAL_Driver/Src/stm32f4xx_hal_rcc.o
                0x000000000800c1c0                HAL_RCC_ClockConfig
 .text.HAL_RCC_GetSysClockFreq
                0x000000000800c38c      0x1c4 ./Drivers/STM32F4xx_HAL_Driver/Src/stm32f4xx_hal_rcc.o
                0x000000000800c38c                HAL_RCC_GetSysClockFreq
 .text.HAL_RCC_GetHCLKFreq
                0x000000000800c550       0x18 ./Drivers/STM32F4xx_HAL_Driver/Src/stm32f4xx_hal_rcc.o
                0x000000000800c550                HAL_RCC_GetHCLKFreq
 .text.HAL_RCC_GetPCLK1Freq
                0x000000000800c568       0x28 ./Drivers/STM32F4xx_HAL_Driver/Src/stm32f4xx_hal_rcc.o
                0x000000000800c568                HAL_RCC_GetPCLK1Freq
 .text.HAL_RCC_GetPCLK2Freq
                0x000000000800c590       0x28 ./Drivers/STM32F4xx_HAL_Driver/Src/stm32f4xx_hal_rcc.o
                0x000000000800c590                HAL_RCC_GetPCLK2Freq
 .text.HAL_RCCEx_PeriphCLKConfig
                0x000000000800c5b8      0x1c4 ./Drivers/STM32F4xx_HAL_Driver/Src/stm32f4xx_hal_rcc_ex.o
                0x000000000800c5b8                HAL_RCCEx_PeriphCLKConfig
 .text.HAL_RCCEx_GetPeriphCLKFreq
                0x000000000800c77c       0xbc ./Drivers/STM32F4xx_HAL_Driver/Src/stm32f4xx_hal_rcc_ex.o
                0x000000000800c77c                HAL_RCCEx_GetPeriphCLKFreq
 .text.HAL_SPI_Init
                0x000000000800c838      0x112 ./Drivers/STM32F4xx_HAL_Driver/Src/stm32f4xx_hal_spi.o
                0x000000000800c838                HAL_SPI_Init
 .text.HAL_UART_Init
                0x000000000800c94a       0x9a ./Drivers/STM32F4xx_HAL_Driver/Src/stm32f4xx_hal_uart.o
                0x000000000800c94a                HAL_UART_Init
 .text.HAL_UART_Transmit
                0x000000000800c9e4      0x124 ./Drivers/STM32F4xx_HAL_Driver/Src/stm32f4xx_hal_uart.o
                0x000000000800c9e4                HAL_UART_Transmit
 .text.UART_WaitOnFlagUntilTimeout
                0x000000000800cb08       0xdc ./Drivers/STM32F4xx_HAL_Driver/Src/stm32f4xx_hal_uart.o
 .text.UART_SetConfig
                0x000000000800cbe4      0x390 ./Drivers/STM32F4xx_HAL_Driver/Src/stm32f4xx_hal_uart.o
 .text.USB_CoreInit
                0x000000000800cf74       0xc2 ./Drivers/STM32F4xx_HAL_Driver/Src/stm32f4xx_ll_usb.o
                0x000000000800cf74                USB_CoreInit
 .text.USB_EnableGlobalInt
                0x000000000800d036       0x22 ./Drivers/STM32F4xx_HAL_Driver/Src/stm32f4xx_ll_usb.o
                0x000000000800d036                USB_EnableGlobalInt
 .text.USB_DisableGlobalInt
                0x000000000800d058       0x22 ./Drivers/STM32F4xx_HAL_Driver/Src/stm32f4xx_ll_usb.o
                0x000000000800d058                USB_DisableGlobalInt
 .text.USB_SetCurrentMode
                0x000000000800d07a       0x98 ./Drivers/STM32F4xx_HAL_Driver/Src/stm32f4xx_ll_usb.o
                0x000000000800d07a                USB_SetCurrentMode
 *fill*         0x000000000800d112        0x2 
 .text.USB_FlushTxFifo
                0x000000000800d114       0x48 ./Drivers/STM32F4xx_HAL_Driver/Src/stm32f4xx_ll_usb.o
                0x000000000800d114                USB_FlushTxFifo
 .text.USB_FlushRxFifo
                0x000000000800d15c       0x40 ./Drivers/STM32F4xx_HAL_Driver/Src/stm32f4xx_ll_usb.o
                0x000000000800d15c                USB_FlushRxFifo
 .text.USB_WritePacket
                0x000000000800d19c       0x7c ./Drivers/STM32F4xx_HAL_Driver/Src/stm32f4xx_ll_usb.o
                0x000000000800d19c                USB_WritePacket
 .text.USB_ReadPacket
                0x000000000800d218       0xb0 ./Drivers/STM32F4xx_HAL_Driver/Src/stm32f4xx_ll_usb.o
                0x000000000800d218                USB_ReadPacket
 .text.USB_ReadInterrupts
                0x000000000800d2c8       0x26 ./Drivers/STM32F4xx_HAL_Driver/Src/stm32f4xx_ll_usb.o
                0x000000000800d2c8                USB_ReadInterrupts
 .text.USB_GetMode
                0x000000000800d2ee       0x1c ./Drivers/STM32F4xx_HAL_Driver/Src/stm32f4xx_ll_usb.o
                0x000000000800d2ee                USB_GetMode
 *fill*         0x000000000800d30a        0x2 
 .text.USB_CoreReset
                0x000000000800d30c       0x64 ./Drivers/STM32F4xx_HAL_Driver/Src/stm32f4xx_ll_usb.o
 .text.USB_HostInit
                0x000000000800d370      0x168 ./Drivers/STM32F4xx_HAL_Driver/Src/stm32f4xx_ll_usb.o
                0x000000000800d370                USB_HostInit
 .text.USB_InitFSLSPClkSel
                0x000000000800d4d8       0x74 ./Drivers/STM32F4xx_HAL_Driver/Src/stm32f4xx_ll_usb.o
                0x000000000800d4d8                USB_InitFSLSPClkSel
 .text.USB_ResetPort
                0x000000000800d54c       0x54 ./Drivers/STM32F4xx_HAL_Driver/Src/stm32f4xx_ll_usb.o
                0x000000000800d54c                USB_ResetPort
 .text.USB_DriveVbus
                0x000000000800d5a0       0x72 ./Drivers/STM32F4xx_HAL_Driver/Src/stm32f4xx_ll_usb.o
                0x000000000800d5a0                USB_DriveVbus
 .text.USB_GetHostSpeed
                0x000000000800d612       0x2e ./Drivers/STM32F4xx_HAL_Driver/Src/stm32f4xx_ll_usb.o
                0x000000000800d612                USB_GetHostSpeed
 .text.USB_GetCurrentFrame
                0x000000000800d640       0x22 ./Drivers/STM32F4xx_HAL_Driver/Src/stm32f4xx_ll_usb.o
                0x000000000800d640                USB_GetCurrentFrame
 *fill*         0x000000000800d662        0x2 
 .text.USB_HC_Init
                0x000000000800d664      0x21c ./Drivers/STM32F4xx_HAL_Driver/Src/stm32f4xx_ll_usb.o
                0x000000000800d664                USB_HC_Init
 .text.USB_HC_StartXfer
                0x000000000800d880      0x284 ./Drivers/STM32F4xx_HAL_Driver/Src/stm32f4xx_ll_usb.o
                0x000000000800d880                USB_HC_StartXfer
 .text.USB_HC_ReadInterrupt
                0x000000000800db04       0x22 ./Drivers/STM32F4xx_HAL_Driver/Src/stm32f4xx_ll_usb.o
                0x000000000800db04                USB_HC_ReadInterrupt
 .text.USB_HC_Halt
                0x000000000800db26      0x238 ./Drivers/STM32F4xx_HAL_Driver/Src/stm32f4xx_ll_usb.o
                0x000000000800db26                USB_HC_Halt
 *fill*         0x000000000800dd5e        0x2 
 .text.USB_DoPing
                0x000000000800dd60       0x78 ./Drivers/STM32F4xx_HAL_Driver/Src/stm32f4xx_ll_usb.o
                0x000000000800dd60                USB_DoPing
 .text.USB_StopHost
                0x000000000800ddd8      0x10c ./Drivers/STM32F4xx_HAL_Driver/Src/stm32f4xx_ll_usb.o
                0x000000000800ddd8                USB_StopHost
 .text.USBH_CDC_InterfaceInit
                0x000000000800dee4      0x2ac ./Middlewares/ST/STM32_USB_Host_Library/Class/CDC/Src/usbh_cdc.o
 .text.USBH_CDC_InterfaceDeInit
                0x000000000800e190       0xb2 ./Middlewares/ST/STM32_USB_Host_Library/Class/CDC/Src/usbh_cdc.o
 .text.USBH_CDC_ClassRequest
                0x000000000800e242       0x3e ./Middlewares/ST/STM32_USB_Host_Library/Class/CDC/Src/usbh_cdc.o
 .text.USBH_CDC_Process
                0x000000000800e280      0x12c ./Middlewares/ST/STM32_USB_Host_Library/Class/CDC/Src/usbh_cdc.o
 .text.USBH_CDC_SOFProcess
                0x000000000800e3ac       0x16 ./Middlewares/ST/STM32_USB_Host_Library/Class/CDC/Src/usbh_cdc.o
 .text.GetLineCoding
                0x000000000800e3c2       0x3e ./Middlewares/ST/STM32_USB_Host_Library/Class/CDC/Src/usbh_cdc.o
 .text.SetLineCoding
                0x000000000800e400       0x3e ./Middlewares/ST/STM32_USB_Host_Library/Class/CDC/Src/usbh_cdc.o
 .text.CDC_ProcessTransmission
                0x000000000800e43e       0xec ./Middlewares/ST/STM32_USB_Host_Library/Class/CDC/Src/usbh_cdc.o
 .text.CDC_ProcessReception
                0x000000000800e52a       0xb6 ./Middlewares/ST/STM32_USB_Host_Library/Class/CDC/Src/usbh_cdc.o
 .text.USBH_CDC_TransmitCallback
                0x000000000800e5e0       0x14 ./Middlewares/ST/STM32_USB_Host_Library/Class/CDC/Src/usbh_cdc.o
                0x000000000800e5e0                USBH_CDC_TransmitCallback
 .text.USBH_CDC_ReceiveCallback
                0x000000000800e5f4       0x14 ./Middlewares/ST/STM32_USB_Host_Library/Class/CDC/Src/usbh_cdc.o
                0x000000000800e5f4                USBH_CDC_ReceiveCallback
 .text.USBH_CDC_LineCodingChanged
                0x000000000800e608       0x14 ./Middlewares/ST/STM32_USB_Host_Library/Class/CDC/Src/usbh_cdc.o
                0x000000000800e608                USBH_CDC_LineCodingChanged
 .text.USBH_Init
                0x000000000800e61c       0x74 ./Middlewares/ST/STM32_USB_Host_Library/Core/Src/usbh_core.o
                0x000000000800e61c                USBH_Init
 .text.DeInitStateMachine
                0x000000000800e690       0xa8 ./Middlewares/ST/STM32_USB_Host_Library/Core/Src/usbh_core.o
 .text.USBH_RegisterClass
                0x000000000800e738       0x54 ./Middlewares/ST/STM32_USB_Host_Library/Core/Src/usbh_core.o
                0x000000000800e738                USBH_RegisterClass
 .text.USBH_SelectInterface
                0x000000000800e78c       0x38 ./Middlewares/ST/STM32_USB_Host_Library/Core/Src/usbh_core.o
                0x000000000800e78c                USBH_SelectInterface
 .text.USBH_FindInterface
                0x000000000800e7c4       0x8c ./Middlewares/ST/STM32_USB_Host_Library/Core/Src/usbh_core.o
                0x000000000800e7c4                USBH_FindInterface
 .text.USBH_Start
                0x000000000800e850       0x20 ./Middlewares/ST/STM32_USB_Host_Library/Core/Src/usbh_core.o
                0x000000000800e850                USBH_Start
 .text.USBH_Process
                0x000000000800e870      0x3c0 ./Middlewares/ST/STM32_USB_Host_Library/Core/Src/usbh_core.o
                0x000000000800e870                USBH_Process
 .text.USBH_HandleEnum
                0x000000000800ec30      0x3c8 ./Middlewares/ST/STM32_USB_Host_Library/Core/Src/usbh_core.o
 .text.USBH_LL_SetTimer
                0x000000000800eff8       0x1e ./Middlewares/ST/STM32_USB_Host_Library/Core/Src/usbh_core.o
                0x000000000800eff8                USBH_LL_SetTimer
 .text.USBH_LL_IncTimer
                0x000000000800f016       0x24 ./Middlewares/ST/STM32_USB_Host_Library/Core/Src/usbh_core.o
                0x000000000800f016                USBH_LL_IncTimer
 .text.USBH_HandleSof
                0x000000000800f03a       0x30 ./Middlewares/ST/STM32_USB_Host_Library/Core/Src/usbh_core.o
 .text.USBH_LL_PortEnabled
                0x000000000800f06a       0x1c ./Middlewares/ST/STM32_USB_Host_Library/Core/Src/usbh_core.o
                0x000000000800f06a                USBH_LL_PortEnabled
 .text.USBH_LL_PortDisabled
                0x000000000800f086       0x1c ./Middlewares/ST/STM32_USB_Host_Library/Core/Src/usbh_core.o
                0x000000000800f086                USBH_LL_PortDisabled
 .text.USBH_LL_Connect
                0x000000000800f0a2       0x2e ./Middlewares/ST/STM32_USB_Host_Library/Core/Src/usbh_core.o
                0x000000000800f0a2                USBH_LL_Connect
 .text.USBH_LL_Disconnect
                0x000000000800f0d0       0x48 ./Middlewares/ST/STM32_USB_Host_Library/Core/Src/usbh_core.o
                0x000000000800f0d0                USBH_LL_Disconnect
 .text.USBH_Get_DevDesc
                0x000000000800f118       0x50 ./Middlewares/ST/STM32_USB_Host_Library/Core/Src/usbh_ctlreq.o
                0x000000000800f118                USBH_Get_DevDesc
 .text.USBH_Get_CfgDesc
                0x000000000800f168       0x48 ./Middlewares/ST/STM32_USB_Host_Library/Core/Src/usbh_ctlreq.o
                0x000000000800f168                USBH_Get_CfgDesc
 .text.USBH_Get_StringDesc
                0x000000000800f1b0       0x56 ./Middlewares/ST/STM32_USB_Host_Library/Core/Src/usbh_ctlreq.o
                0x000000000800f1b0                USBH_Get_StringDesc
 .text.USBH_GetDescriptor
                0x000000000800f206       0x6a ./Middlewares/ST/STM32_USB_Host_Library/Core/Src/usbh_ctlreq.o
                0x000000000800f206                USBH_GetDescriptor
 .text.USBH_SetAddress
                0x000000000800f270       0x48 ./Middlewares/ST/STM32_USB_Host_Library/Core/Src/usbh_ctlreq.o
                0x000000000800f270                USBH_SetAddress
 .text.USBH_SetCfg
                0x000000000800f2b8       0x46 ./Middlewares/ST/STM32_USB_Host_Library/Core/Src/usbh_ctlreq.o
                0x000000000800f2b8                USBH_SetCfg
 .text.USBH_SetFeature
                0x000000000800f2fe       0x48 ./Middlewares/ST/STM32_USB_Host_Library/Core/Src/usbh_ctlreq.o
                0x000000000800f2fe                USBH_SetFeature
 .text.USBH_ClrFeature
                0x000000000800f346       0x48 ./Middlewares/ST/STM32_USB_Host_Library/Core/Src/usbh_ctlreq.o
                0x000000000800f346                USBH_ClrFeature
 .text.USBH_ParseDevDesc
                0x000000000800f38e       0xe0 ./Middlewares/ST/STM32_USB_Host_Library/Core/Src/usbh_ctlreq.o
 .text.USBH_ParseCfgDesc
                0x000000000800f46e      0x144 ./Middlewares/ST/STM32_USB_Host_Library/Core/Src/usbh_ctlreq.o
 .text.USBH_ParseInterfaceDesc
                0x000000000800f5b2       0x5e ./Middlewares/ST/STM32_USB_Host_Library/Core/Src/usbh_ctlreq.o
 .text.USBH_ParseEPDesc
                0x000000000800f610       0x5a ./Middlewares/ST/STM32_USB_Host_Library/Core/Src/usbh_ctlreq.o
 .text.USBH_ParseStringDesc
                0x000000000800f66a       0x66 ./Middlewares/ST/STM32_USB_Host_Library/Core/Src/usbh_ctlreq.o
 .text.USBH_GetNextDesc
                0x000000000800f6d0       0x36 ./Middlewares/ST/STM32_USB_Host_Library/Core/Src/usbh_ctlreq.o
                0x000000000800f6d0                USBH_GetNextDesc
 .text.USBH_CtlReq
                0x000000000800f706       0x7a ./Middlewares/ST/STM32_USB_Host_Library/Core/Src/usbh_ctlreq.o
                0x000000000800f706                USBH_CtlReq
 .text.USBH_HandleControl
                0x000000000800f780      0x2e8 ./Middlewares/ST/STM32_USB_Host_Library/Core/Src/usbh_ctlreq.o
 .text.USBH_CtlSendSetup
                0x000000000800fa68       0x34 ./Middlewares/ST/STM32_USB_Host_Library/Core/Src/usbh_ioreq.o
                0x000000000800fa68                USBH_CtlSendSetup
 .text.USBH_CtlSendData
                0x000000000800fa9c       0x4a ./Middlewares/ST/STM32_USB_Host_Library/Core/Src/usbh_ioreq.o
                0x000000000800fa9c                USBH_CtlSendData
 .text.USBH_CtlReceiveData
                0x000000000800fae6       0x3c ./Middlewares/ST/STM32_USB_Host_Library/Core/Src/usbh_ioreq.o
                0x000000000800fae6                USBH_CtlReceiveData
 .text.USBH_BulkSendData
                0x000000000800fb22       0x4a ./Middlewares/ST/STM32_USB_Host_Library/Core/Src/usbh_ioreq.o
                0x000000000800fb22                USBH_BulkSendData
 .text.USBH_BulkReceiveData
                0x000000000800fb6c       0x3c ./Middlewares/ST/STM32_USB_Host_Library/Core/Src/usbh_ioreq.o
                0x000000000800fb6c                USBH_BulkReceiveData
 .text.USBH_OpenPipe
                0x000000000800fba8       0x3e ./Middlewares/ST/STM32_USB_Host_Library/Core/Src/usbh_pipes.o
                0x000000000800fba8                USBH_OpenPipe
 .text.USBH_ClosePipe
                0x000000000800fbe6       0x20 ./Middlewares/ST/STM32_USB_Host_Library/Core/Src/usbh_pipes.o
                0x000000000800fbe6                USBH_ClosePipe
 .text.USBH_AllocPipe
                0x000000000800fc06       0x42 ./Middlewares/ST/STM32_USB_Host_Library/Core/Src/usbh_pipes.o
                0x000000000800fc06                USBH_AllocPipe
 .text.USBH_FreePipe
                0x000000000800fc48       0x3c ./Middlewares/ST/STM32_USB_Host_Library/Core/Src/usbh_pipes.o
                0x000000000800fc48                USBH_FreePipe
 .text.USBH_GetFreePipe
                0x000000000800fc84       0x48 ./Middlewares/ST/STM32_USB_Host_Library/Core/Src/usbh_pipes.o
 .text.MX_USB_HOST_Init
                0x000000000800fccc       0x4c ./USB_HOST/App/usb_host.o
                0x000000000800fccc                MX_USB_HOST_Init
 .text.MX_USB_HOST_Process
                0x000000000800fd18       0x14 ./USB_HOST/App/usb_host.o
                0x000000000800fd18                MX_USB_HOST_Process
 .text.USBH_UserProcess
                0x000000000800fd2c       0x5c ./USB_HOST/App/usb_host.o
 .text.HAL_HCD_MspInit
                0x000000000800fd88       0xc4 ./USB_HOST/Target/usbh_conf.o
                0x000000000800fd88                HAL_HCD_MspInit
 .text.HAL_HCD_SOF_Callback
                0x000000000800fe4c       0x1c ./USB_HOST/Target/usbh_conf.o
                0x000000000800fe4c                HAL_HCD_SOF_Callback
 .text.HAL_HCD_Connect_Callback
                0x000000000800fe68       0x1c ./USB_HOST/Target/usbh_conf.o
                0x000000000800fe68                HAL_HCD_Connect_Callback
 .text.HAL_HCD_Disconnect_Callback
                0x000000000800fe84       0x1c ./USB_HOST/Target/usbh_conf.o
                0x000000000800fe84                HAL_HCD_Disconnect_Callback
 .text.HAL_HCD_HC_NotifyURBChange_Callback
                0x000000000800fea0       0x1c ./USB_HOST/Target/usbh_conf.o
                0x000000000800fea0                HAL_HCD_HC_NotifyURBChange_Callback
 .text.HAL_HCD_PortEnabled_Callback
                0x000000000800febc       0x1c ./USB_HOST/Target/usbh_conf.o
                0x000000000800febc                HAL_HCD_PortEnabled_Callback
 .text.HAL_HCD_PortDisabled_Callback
                0x000000000800fed8       0x1c ./USB_HOST/Target/usbh_conf.o
                0x000000000800fed8                HAL_HCD_PortDisabled_Callback
 .text.USBH_LL_Init
                0x000000000800fef4       0x78 ./USB_HOST/Target/usbh_conf.o
                0x000000000800fef4                USBH_LL_Init
 .text.USBH_LL_Start
                0x000000000800ff6c       0x36 ./USB_HOST/Target/usbh_conf.o
                0x000000000800ff6c                USBH_LL_Start
 .text.USBH_LL_Stop
                0x000000000800ffa2       0x36 ./USB_HOST/Target/usbh_conf.o
                0x000000000800ffa2                USBH_LL_Stop
 .text.USBH_LL_GetSpeed
                0x000000000800ffd8       0x4e ./USB_HOST/Target/usbh_conf.o
                0x000000000800ffd8                USBH_LL_GetSpeed
 .text.USBH_LL_ResetPort
                0x0000000008010026       0x36 ./USB_HOST/Target/usbh_conf.o
                0x0000000008010026                USBH_LL_ResetPort
 .text.USBH_LL_GetLastXferSize
                0x000000000801005c       0x26 ./USB_HOST/Target/usbh_conf.o
                0x000000000801005c                USBH_LL_GetLastXferSize
 .text.USBH_LL_OpenPipe
                0x0000000008010082       0x5e ./USB_HOST/Target/usbh_conf.o
                0x0000000008010082                USBH_LL_OpenPipe
 .text.USBH_LL_ClosePipe
                0x00000000080100e0       0x3e ./USB_HOST/Target/usbh_conf.o
                0x00000000080100e0                USBH_LL_ClosePipe
 .text.USBH_LL_SubmitURB
                0x000000000801011e       0x62 ./USB_HOST/Target/usbh_conf.o
                0x000000000801011e                USBH_LL_SubmitURB
 .text.USBH_LL_GetURBState
                0x0000000008010180       0x26 ./USB_HOST/Target/usbh_conf.o
                0x0000000008010180                USBH_LL_GetURBState
 .text.USBH_LL_DriverVBUS
                0x00000000080101a6       0x2e ./USB_HOST/Target/usbh_conf.o
                0x00000000080101a6                USBH_LL_DriverVBUS
 .text.USBH_LL_SetToggle
                0x00000000080101d4       0x60 ./USB_HOST/Target/usbh_conf.o
                0x00000000080101d4                USBH_LL_SetToggle
 .text.USBH_Delay
                0x0000000008010234       0x16 ./USB_HOST/Target/usbh_conf.o
                0x0000000008010234                USBH_Delay
 *fill*         0x000000000801024a        0x2 
 .text.USBH_Get_USB_Status
                0x000000000801024c       0x58 ./USB_HOST/Target/usbh_conf.o
                0x000000000801024c                USBH_Get_USB_Status
 .text.MX_DriverVbusFS
                0x00000000080102a4       0x38 ./USB_HOST/Target/usbh_platform.o
                0x00000000080102a4                MX_DriverVbusFS
 .text.__errno  0x00000000080102dc        0xc c:/st/stm32cubeide_1.7.0/stm32cubeide/plugins/com.st.stm32cube.ide.mcu.externaltools.gnu-tools-for-stm32.9-2020-q2-update.win32_2.0.0.202105311346/tools/bin/../lib/gcc/arm-none-eabi/9.3.1/../../../../arm-none-eabi/lib/thumb/v7e-m+fp/hard\libc_nano.a(lib_a-errno.o)
                0x00000000080102dc                __errno
 .text.__libc_init_array
                0x00000000080102e8       0x48 c:/st/stm32cubeide_1.7.0/stm32cubeide/plugins/com.st.stm32cube.ide.mcu.externaltools.gnu-tools-for-stm32.9-2020-q2-update.win32_2.0.0.202105311346/tools/bin/../lib/gcc/arm-none-eabi/9.3.1/../../../../arm-none-eabi/lib/thumb/v7e-m+fp/hard\libc_nano.a(lib_a-init.o)
                0x00000000080102e8                __libc_init_array
 .text.malloc   0x0000000008010330       0x10 c:/st/stm32cubeide_1.7.0/stm32cubeide/plugins/com.st.stm32cube.ide.mcu.externaltools.gnu-tools-for-stm32.9-2020-q2-update.win32_2.0.0.202105311346/tools/bin/../lib/gcc/arm-none-eabi/9.3.1/../../../../arm-none-eabi/lib/thumb/v7e-m+fp/hard\libc_nano.a(lib_a-malloc.o)
                0x0000000008010330                malloc
 .text.free     0x0000000008010340       0x10 c:/st/stm32cubeide_1.7.0/stm32cubeide/plugins/com.st.stm32cube.ide.mcu.externaltools.gnu-tools-for-stm32.9-2020-q2-update.win32_2.0.0.202105311346/tools/bin/../lib/gcc/arm-none-eabi/9.3.1/../../../../arm-none-eabi/lib/thumb/v7e-m+fp/hard\libc_nano.a(lib_a-malloc.o)
                0x0000000008010340                free
 .text.memset   0x0000000008010350       0x10 c:/st/stm32cubeide_1.7.0/stm32cubeide/plugins/com.st.stm32cube.ide.mcu.externaltools.gnu-tools-for-stm32.9-2020-q2-update.win32_2.0.0.202105311346/tools/bin/../lib/gcc/arm-none-eabi/9.3.1/../../../../arm-none-eabi/lib/thumb/v7e-m+fp/hard\libc_nano.a(lib_a-memset.o)
                0x0000000008010350                memset
 .text._free_r  0x0000000008010360       0xa0 c:/st/stm32cubeide_1.7.0/stm32cubeide/plugins/com.st.stm32cube.ide.mcu.externaltools.gnu-tools-for-stm32.9-2020-q2-update.win32_2.0.0.202105311346/tools/bin/../lib/gcc/arm-none-eabi/9.3.1/../../../../arm-none-eabi/lib/thumb/v7e-m+fp/hard\libc_nano.a(lib_a-nano-freer.o)
                0x0000000008010360                _free_r
 .text._malloc_r
                0x0000000008010400       0xb4 c:/st/stm32cubeide_1.7.0/stm32cubeide/plugins/com.st.stm32cube.ide.mcu.externaltools.gnu-tools-for-stm32.9-2020-q2-update.win32_2.0.0.202105311346/tools/bin/../lib/gcc/arm-none-eabi/9.3.1/../../../../arm-none-eabi/lib/thumb/v7e-m+fp/hard\libc_nano.a(lib_a-nano-mallocr.o)
                0x0000000008010400                _malloc_r
 .text._sbrk_r  0x00000000080104b4       0x20 c:/st/stm32cubeide_1.7.0/stm32cubeide/plugins/com.st.stm32cube.ide.mcu.externaltools.gnu-tools-for-stm32.9-2020-q2-update.win32_2.0.0.202105311346/tools/bin/../lib/gcc/arm-none-eabi/9.3.1/../../../../arm-none-eabi/lib/thumb/v7e-m+fp/hard\libc_nano.a(lib_a-sbrkr.o)
                0x00000000080104b4                _sbrk_r
 .text.__malloc_lock
                0x00000000080104d4        0xc c:/st/stm32cubeide_1.7.0/stm32cubeide/plugins/com.st.stm32cube.ide.mcu.externaltools.gnu-tools-for-stm32.9-2020-q2-update.win32_2.0.0.202105311346/tools/bin/../lib/gcc/arm-none-eabi/9.3.1/../../../../arm-none-eabi/lib/thumb/v7e-m+fp/hard\libc_nano.a(lib_a-mlock.o)
                0x00000000080104d4                __malloc_lock
 .text.__malloc_unlock
                0x00000000080104e0        0xc c:/st/stm32cubeide_1.7.0/stm32cubeide/plugins/com.st.stm32cube.ide.mcu.externaltools.gnu-tools-for-stm32.9-2020-q2-update.win32_2.0.0.202105311346/tools/bin/../lib/gcc/arm-none-eabi/9.3.1/../../../../arm-none-eabi/lib/thumb/v7e-m+fp/hard\libc_nano.a(lib_a-mlock.o)
                0x00000000080104e0                __malloc_unlock
 .text.__retarget_lock_acquire_recursive
                0x00000000080104ec        0x2 c:/st/stm32cubeide_1.7.0/stm32cubeide/plugins/com.st.stm32cube.ide.mcu.externaltools.gnu-tools-for-stm32.9-2020-q2-update.win32_2.0.0.202105311346/tools/bin/../lib/gcc/arm-none-eabi/9.3.1/../../../../arm-none-eabi/lib/thumb/v7e-m+fp/hard\libc_nano.a(lib_a-lock.o)
                0x00000000080104ec                __retarget_lock_acquire_recursive
 .text.__retarget_lock_release_recursive
                0x00000000080104ee        0x2 c:/st/stm32cubeide_1.7.0/stm32cubeide/plugins/com.st.stm32cube.ide.mcu.externaltools.gnu-tools-for-stm32.9-2020-q2-update.win32_2.0.0.202105311346/tools/bin/../lib/gcc/arm-none-eabi/9.3.1/../../../../arm-none-eabi/lib/thumb/v7e-m+fp/hard\libc_nano.a(lib_a-lock.o)
                0x00000000080104ee                __retarget_lock_release_recursive
 *(.glue_7)
 .glue_7        0x00000000080104f0        0x0 linker stubs
 *(.glue_7t)
 .glue_7t       0x00000000080104f0        0x0 linker stubs
 *(.eh_frame)
 .eh_frame      0x00000000080104f0        0x0 c:/st/stm32cubeide_1.7.0/stm32cubeide/plugins/com.st.stm32cube.ide.mcu.externaltools.gnu-tools-for-stm32.9-2020-q2-update.win32_2.0.0.202105311346/tools/bin/../lib/gcc/arm-none-eabi/9.3.1/thumb/v7e-m+fp/hard/crtbegin.o
 *(.init)
 .init          0x00000000080104f0        0x4 c:/st/stm32cubeide_1.7.0/stm32cubeide/plugins/com.st.stm32cube.ide.mcu.externaltools.gnu-tools-for-stm32.9-2020-q2-update.win32_2.0.0.202105311346/tools/bin/../lib/gcc/arm-none-eabi/9.3.1/thumb/v7e-m+fp/hard/crti.o
                0x00000000080104f0                _init
 .init          0x00000000080104f4        0x8 c:/st/stm32cubeide_1.7.0/stm32cubeide/plugins/com.st.stm32cube.ide.mcu.externaltools.gnu-tools-for-stm32.9-2020-q2-update.win32_2.0.0.202105311346/tools/bin/../lib/gcc/arm-none-eabi/9.3.1/thumb/v7e-m+fp/hard/crtn.o
 *(.fini)
 .fini          0x00000000080104fc        0x4 c:/st/stm32cubeide_1.7.0/stm32cubeide/plugins/com.st.stm32cube.ide.mcu.externaltools.gnu-tools-for-stm32.9-2020-q2-update.win32_2.0.0.202105311346/tools/bin/../lib/gcc/arm-none-eabi/9.3.1/thumb/v7e-m+fp/hard/crti.o
                0x00000000080104fc                _fini
 .fini          0x0000000008010500        0x8 c:/st/stm32cubeide_1.7.0/stm32cubeide/plugins/com.st.stm32cube.ide.mcu.externaltools.gnu-tools-for-stm32.9-2020-q2-update.win32_2.0.0.202105311346/tools/bin/../lib/gcc/arm-none-eabi/9.3.1/thumb/v7e-m+fp/hard/crtn.o
                0x0000000008010508                . = ALIGN (0x4)
                0x0000000008010508                _etext = .

.vfp11_veneer   0x0000000008010508        0x0
 .vfp11_veneer  0x0000000008010508        0x0 linker stubs

.v4_bx          0x0000000008010508        0x0
 .v4_bx         0x0000000008010508        0x0 linker stubs

.iplt           0x0000000008010508        0x0
 .iplt          0x0000000008010508        0x0 c:/st/stm32cubeide_1.7.0/stm32cubeide/plugins/com.st.stm32cube.ide.mcu.externaltools.gnu-tools-for-stm32.9-2020-q2-update.win32_2.0.0.202105311346/tools/bin/../lib/gcc/arm-none-eabi/9.3.1/thumb/v7e-m+fp/hard/crtbegin.o

.rodata         0x0000000008010508       0x1c
                0x0000000008010508                . = ALIGN (0x4)
 *(.rodata)
 .rodata        0x0000000008010508        0x4 ./Middlewares/ST/STM32_USB_Host_Library/Class/CDC/Src/usbh_cdc.o
 *(.rodata*)
 .rodata.AHBPrescTable
                0x000000000801050c       0x10 ./Core/Src/system_stm32f4xx.o
                0x000000000801050c                AHBPrescTable
 .rodata.APBPrescTable
                0x000000000801051c        0x8 ./Core/Src/system_stm32f4xx.o
                0x000000000801051c                APBPrescTable
                0x0000000008010524                . = ALIGN (0x4)

.ARM.extab      0x0000000008010524        0x0
                0x0000000008010524                . = ALIGN (0x4)
 *(.ARM.extab* .gnu.linkonce.armextab.*)
                0x0000000008010524                . = ALIGN (0x4)

.ARM            0x0000000008010524        0x8
                0x0000000008010524                . = ALIGN (0x4)
                0x0000000008010524                __exidx_start = .
 *(.ARM.exidx*)
 .ARM.exidx     0x0000000008010524        0x8 c:/st/stm32cubeide_1.7.0/stm32cubeide/plugins/com.st.stm32cube.ide.mcu.externaltools.gnu-tools-for-stm32.9-2020-q2-update.win32_2.0.0.202105311346/tools/bin/../lib/gcc/arm-none-eabi/9.3.1/thumb/v7e-m+fp/hard\libgcc.a(_udivmoddi4.o)
                0x000000000801052c                __exidx_end = .
                0x000000000801052c                . = ALIGN (0x4)

.rel.dyn        0x000000000801052c        0x0
 .rel.iplt      0x000000000801052c        0x0 c:/st/stm32cubeide_1.7.0/stm32cubeide/plugins/com.st.stm32cube.ide.mcu.externaltools.gnu-tools-for-stm32.9-2020-q2-update.win32_2.0.0.202105311346/tools/bin/../lib/gcc/arm-none-eabi/9.3.1/thumb/v7e-m+fp/hard/crtbegin.o

.preinit_array  0x000000000801052c        0x0
                0x000000000801052c                . = ALIGN (0x4)
                0x000000000801052c                PROVIDE (__preinit_array_start = .)
 *(.preinit_array*)
                0x000000000801052c                PROVIDE (__preinit_array_end = .)
                0x000000000801052c                . = ALIGN (0x4)

.init_array     0x000000000801052c        0x4
                0x000000000801052c                . = ALIGN (0x4)
                0x000000000801052c                PROVIDE (__init_array_start = .)
 *(SORT_BY_NAME(.init_array.*))
 *(.init_array*)
 .init_array    0x000000000801052c        0x4 c:/st/stm32cubeide_1.7.0/stm32cubeide/plugins/com.st.stm32cube.ide.mcu.externaltools.gnu-tools-for-stm32.9-2020-q2-update.win32_2.0.0.202105311346/tools/bin/../lib/gcc/arm-none-eabi/9.3.1/thumb/v7e-m+fp/hard/crtbegin.o
                0x0000000008010530                PROVIDE (__init_array_end = .)
                0x0000000008010530                . = ALIGN (0x4)

.fini_array     0x0000000008010530        0x4
                0x0000000008010530                . = ALIGN (0x4)
                [!provide]                        PROVIDE (__fini_array_start = .)
 *(SORT_BY_NAME(.fini_array.*))
 *(.fini_array*)
 .fini_array    0x0000000008010530        0x4 c:/st/stm32cubeide_1.7.0/stm32cubeide/plugins/com.st.stm32cube.ide.mcu.externaltools.gnu-tools-for-stm32.9-2020-q2-update.win32_2.0.0.202105311346/tools/bin/../lib/gcc/arm-none-eabi/9.3.1/thumb/v7e-m+fp/hard/crtbegin.o
                [!provide]                        PROVIDE (__fini_array_end = .)
                0x0000000008010534                . = ALIGN (0x4)
                0x0000000008010534                _sidata = LOADADDR (.data)

.data           0x0000000020000000       0xac load address 0x0000000008010534
                0x0000000020000000                . = ALIGN (0x4)
                0x0000000020000000                _sdata = .
 *(.data)
 *(.data*)
 .data.userdata
                0x0000000020000000       0x19 ./Core/Src/main.o
                0x0000000020000000                userdata
 *fill*         0x0000000020000019        0x3 
 .data.SystemCoreClock
                0x000000002000001c        0x4 ./Core/Src/system_stm32f4xx.o
                0x000000002000001c                SystemCoreClock
 .data.uwTickPrio
                0x0000000020000020        0x4 ./Drivers/STM32F4xx_HAL_Driver/Src/stm32f4xx_hal.o
                0x0000000020000020                uwTickPrio
 .data.uwTickFreq
                0x0000000020000024        0x1 ./Drivers/STM32F4xx_HAL_Driver/Src/stm32f4xx_hal.o
                0x0000000020000024                uwTickFreq
 *fill*         0x0000000020000025        0x3 
 .data.CDC_Class
                0x0000000020000028       0x20 ./Middlewares/ST/STM32_USB_Host_Library/Class/CDC/Src/usbh_cdc.o
                0x0000000020000028                CDC_Class
 .data._impure_ptr
                0x0000000020000048        0x4 c:/st/stm32cubeide_1.7.0/stm32cubeide/plugins/com.st.stm32cube.ide.mcu.externaltools.gnu-tools-for-stm32.9-2020-q2-update.win32_2.0.0.202105311346/tools/bin/../lib/gcc/arm-none-eabi/9.3.1/../../../../arm-none-eabi/lib/thumb/v7e-m+fp/hard\libc_nano.a(lib_a-impure.o)
                0x0000000020000048                _impure_ptr
 .data.impure_data
                0x000000002000004c       0x60 c:/st/stm32cubeide_1.7.0/stm32cubeide/plugins/com.st.stm32cube.ide.mcu.externaltools.gnu-tools-for-stm32.9-2020-q2-update.win32_2.0.0.202105311346/tools/bin/../lib/gcc/arm-none-eabi/9.3.1/../../../../arm-none-eabi/lib/thumb/v7e-m+fp/hard\libc_nano.a(lib_a-impure.o)
 *(.RamFunc)
 *(.RamFunc*)
                0x00000000200000ac                . = ALIGN (0x4)
                0x00000000200000ac                _edata = .
                0x00000000080105e0                _siccmram = LOADADDR (.ccmram)

.igot.plt       0x00000000200000ac        0x0 load address 0x00000000080105e0
 .igot.plt      0x00000000200000ac        0x0 c:/st/stm32cubeide_1.7.0/stm32cubeide/plugins/com.st.stm32cube.ide.mcu.externaltools.gnu-tools-for-stm32.9-2020-q2-update.win32_2.0.0.202105311346/tools/bin/../lib/gcc/arm-none-eabi/9.3.1/thumb/v7e-m+fp/hard/crtbegin.o

.ccmram         0x0000000010000000        0x0 load address 0x00000000080105e0
                0x0000000010000000                . = ALIGN (0x4)
                0x0000000010000000                _sccmram = .
 *(.ccmram)
 *(.ccmram*)
                0x0000000010000000                . = ALIGN (0x4)
                0x0000000010000000                _eccmram = .
                0x0000000010000000                . = ALIGN (0x4)

.bss            0x00000000200000ac      0x89c
                0x00000000200000ac                _sbss = .
                0x00000000200000ac                __bss_start__ = _sbss
 *(.bss)
 .bss           0x00000000200000ac       0x1c c:/st/stm32cubeide_1.7.0/stm32cubeide/plugins/com.st.stm32cube.ide.mcu.externaltools.gnu-tools-for-stm32.9-2020-q2-update.win32_2.0.0.202105311346/tools/bin/../lib/gcc/arm-none-eabi/9.3.1/thumb/v7e-m+fp/hard/crtbegin.o
 *(.bss*)
 .bss.flag      0x00000000200000c8        0x1 ./Core/Src/stm32f4xx_it.o
                0x00000000200000c8                flag
 *fill*         0x00000000200000c9        0x3 
 .bss.__sbrk_heap_end
                0x00000000200000cc        0x4 ./Core/Src/sysmem.o
 .bss.Appli_state
                0x00000000200000d0        0x1 ./USB_HOST/App/usb_host.o
                0x00000000200000d0                Appli_state
 *fill*         0x00000000200000d1        0x3 
 .bss.__malloc_free_list
                0x00000000200000d4        0x4 c:/st/stm32cubeide_1.7.0/stm32cubeide/plugins/com.st.stm32cube.ide.mcu.externaltools.gnu-tools-for-stm32.9-2020-q2-update.win32_2.0.0.202105311346/tools/bin/../lib/gcc/arm-none-eabi/9.3.1/../../../../arm-none-eabi/lib/thumb/v7e-m+fp/hard\libc_nano.a(lib_a-nano-mallocr.o)
                0x00000000200000d4                __malloc_free_list
 .bss.__malloc_sbrk_start
                0x00000000200000d8        0x4 c:/st/stm32cubeide_1.7.0/stm32cubeide/plugins/com.st.stm32cube.ide.mcu.externaltools.gnu-tools-for-stm32.9-2020-q2-update.win32_2.0.0.202105311346/tools/bin/../lib/gcc/arm-none-eabi/9.3.1/../../../../arm-none-eabi/lib/thumb/v7e-m+fp/hard\libc_nano.a(lib_a-nano-mallocr.o)
                0x00000000200000d8                __malloc_sbrk_start
 *(COMMON)
 COMMON         0x00000000200000dc      0x17c ./Core/Src/main.o
                0x00000000200000dc                huart3
                0x0000000020000120                hi2c1
                0x0000000020000174                hspi1
                0x00000000200001cc                huart2
                0x0000000020000210                hi2s3
 COMMON         0x0000000020000258        0x4 ./Drivers/STM32F4xx_HAL_Driver/Src/stm32f4xx_hal.o
                0x0000000020000258                uwTick
 COMMON         0x000000002000025c      0x3d8 ./USB_HOST/App/usb_host.o
                0x000000002000025c                hUsbHostFS
 COMMON         0x0000000020000634      0x304 ./USB_HOST/Target/usbh_conf.o
                0x0000000020000634                hhcd_USB_OTG_FS
 COMMON         0x0000000020000938        0x4 c:/st/stm32cubeide_1.7.0/stm32cubeide/plugins/com.st.stm32cube.ide.mcu.externaltools.gnu-tools-for-stm32.9-2020-q2-update.win32_2.0.0.202105311346/tools/bin/../lib/gcc/arm-none-eabi/9.3.1/../../../../arm-none-eabi/lib/thumb/v7e-m+fp/hard\libc_nano.a(lib_a-reent.o)
                0x0000000020000938                errno
 COMMON         0x000000002000093c        0x9 c:/st/stm32cubeide_1.7.0/stm32cubeide/plugins/com.st.stm32cube.ide.mcu.externaltools.gnu-tools-for-stm32.9-2020-q2-update.win32_2.0.0.202105311346/tools/bin/../lib/gcc/arm-none-eabi/9.3.1/../../../../arm-none-eabi/lib/thumb/v7e-m+fp/hard\libc_nano.a(lib_a-lock.o)
                0x000000002000093c                __lock___atexit_recursive_mutex
                0x000000002000093d                __lock___arc4random_mutex
                0x000000002000093e                __lock___env_recursive_mutex
                0x000000002000093f                __lock___sinit_recursive_mutex
                0x0000000020000940                __lock___malloc_recursive_mutex
                0x0000000020000941                __lock___at_quick_exit_mutex
                0x0000000020000942                __lock___dd_hash_mutex
                0x0000000020000943                __lock___tz_mutex
                0x0000000020000944                __lock___sfp_recursive_mutex
                0x0000000020000948                . = ALIGN (0x4)
 *fill*         0x0000000020000945        0x3 
                0x0000000020000948                _ebss = .
                0x0000000020000948                __bss_end__ = _ebss

._user_heap_stack
                0x0000000020000948      0x600
                0x0000000020000948                . = ALIGN (0x8)
                [!provide]                        PROVIDE (end = .)
                0x0000000020000948                PROVIDE (_end = .)
                0x0000000020000b48                . = (. + _Min_Heap_Size)
 *fill*         0x0000000020000948      0x200 
                0x0000000020000f48                . = (. + _Min_Stack_Size)
 *fill*         0x0000000020000b48      0x400 
                0x0000000020000f48                . = ALIGN (0x8)

/DISCARD/
 libc.a(*)
 libm.a(*)
 libgcc.a(*)

.ARM.attributes
                0x0000000000000000       0x30
 *(.ARM.attributes)
 .ARM.attributes
                0x0000000000000000       0x1e c:/st/stm32cubeide_1.7.0/stm32cubeide/plugins/com.st.stm32cube.ide.mcu.externaltools.gnu-tools-for-stm32.9-2020-q2-update.win32_2.0.0.202105311346/tools/bin/../lib/gcc/arm-none-eabi/9.3.1/thumb/v7e-m+fp/hard/crti.o
 .ARM.attributes
                0x000000000000001e       0x34 c:/st/stm32cubeide_1.7.0/stm32cubeide/plugins/com.st.stm32cube.ide.mcu.externaltools.gnu-tools-for-stm32.9-2020-q2-update.win32_2.0.0.202105311346/tools/bin/../lib/gcc/arm-none-eabi/9.3.1/thumb/v7e-m+fp/hard/crtbegin.o
 .ARM.attributes
                0x0000000000000052       0x34 ./Core/Src/main.o
 .ARM.attributes
                0x0000000000000086       0x34 ./Core/Src/stm32f4xx_hal_msp.o
 .ARM.attributes
                0x00000000000000ba       0x34 ./Core/Src/stm32f4xx_it.o
 .ARM.attributes
                0x00000000000000ee       0x34 ./Core/Src/sysmem.o
 .ARM.attributes
                0x0000000000000122       0x34 ./Core/Src/system_stm32f4xx.o
 .ARM.attributes
                0x0000000000000156       0x21 ./Core/Startup/startup_stm32f407vgtx.o
 .ARM.attributes
                0x0000000000000177       0x34 ./Drivers/STM32F4xx_HAL_Driver/Src/stm32f4xx_hal.o
 .ARM.attributes
                0x00000000000001ab       0x34 ./Drivers/STM32F4xx_HAL_Driver/Src/stm32f4xx_hal_cortex.o
 .ARM.attributes
                0x00000000000001df       0x34 ./Drivers/STM32F4xx_HAL_Driver/Src/stm32f4xx_hal_gpio.o
 .ARM.attributes
                0x0000000000000213       0x34 ./Drivers/STM32F4xx_HAL_Driver/Src/stm32f4xx_hal_hcd.o
 .ARM.attributes
                0x0000000000000247       0x34 ./Drivers/STM32F4xx_HAL_Driver/Src/stm32f4xx_hal_i2c.o
 .ARM.attributes
                0x000000000000027b       0x34 ./Drivers/STM32F4xx_HAL_Driver/Src/stm32f4xx_hal_i2s.o
 .ARM.attributes
                0x00000000000002af       0x34 ./Drivers/STM32F4xx_HAL_Driver/Src/stm32f4xx_hal_i2s_ex.o
 .ARM.attributes
                0x00000000000002e3       0x34 ./Drivers/STM32F4xx_HAL_Driver/Src/stm32f4xx_hal_rcc.o
 .ARM.attributes
                0x0000000000000317       0x34 ./Drivers/STM32F4xx_HAL_Driver/Src/stm32f4xx_hal_rcc_ex.o
 .ARM.attributes
                0x000000000000034b       0x34 ./Drivers/STM32F4xx_HAL_Driver/Src/stm32f4xx_hal_spi.o
 .ARM.attributes
                0x000000000000037f       0x34 ./Drivers/STM32F4xx_HAL_Driver/Src/stm32f4xx_hal_uart.o
 .ARM.attributes
                0x00000000000003b3       0x34 ./Drivers/STM32F4xx_HAL_Driver/Src/stm32f4xx_ll_usb.o
 .ARM.attributes
                0x00000000000003e7       0x34 ./Middlewares/ST/STM32_USB_Host_Library/Class/CDC/Src/usbh_cdc.o
 .ARM.attributes
                0x000000000000041b       0x34 ./Middlewares/ST/STM32_USB_Host_Library/Core/Src/usbh_core.o
 .ARM.attributes
                0x000000000000044f       0x34 ./Middlewares/ST/STM32_USB_Host_Library/Core/Src/usbh_ctlreq.o
 .ARM.attributes
                0x0000000000000483       0x34 ./Middlewares/ST/STM32_USB_Host_Library/Core/Src/usbh_ioreq.o
 .ARM.attributes
                0x00000000000004b7       0x34 ./Middlewares/ST/STM32_USB_Host_Library/Core/Src/usbh_pipes.o
 .ARM.attributes
                0x00000000000004eb       0x34 ./USB_HOST/App/usb_host.o
 .ARM.attributes
                0x000000000000051f       0x34 ./USB_HOST/Target/usbh_conf.o
 .ARM.attributes
                0x0000000000000553       0x34 ./USB_HOST/Target/usbh_platform.o
 .ARM.attributes
                0x0000000000000587       0x34 c:/st/stm32cubeide_1.7.0/stm32cubeide/plugins/com.st.stm32cube.ide.mcu.externaltools.gnu-tools-for-stm32.9-2020-q2-update.win32_2.0.0.202105311346/tools/bin/../lib/gcc/arm-none-eabi/9.3.1/../../../../arm-none-eabi/lib/thumb/v7e-m+fp/hard\libc_nano.a(lib_a-errno.o)
 .ARM.attributes
                0x00000000000005bb       0x32 c:/st/stm32cubeide_1.7.0/stm32cubeide/plugins/com.st.stm32cube.ide.mcu.externaltools.gnu-tools-for-stm32.9-2020-q2-update.win32_2.0.0.202105311346/tools/bin/../lib/gcc/arm-none-eabi/9.3.1/../../../../arm-none-eabi/lib/thumb/v7e-m+fp/hard\libc_nano.a(lib_a-impure.o)
 .ARM.attributes
                0x00000000000005ed       0x34 c:/st/stm32cubeide_1.7.0/stm32cubeide/plugins/com.st.stm32cube.ide.mcu.externaltools.gnu-tools-for-stm32.9-2020-q2-update.win32_2.0.0.202105311346/tools/bin/../lib/gcc/arm-none-eabi/9.3.1/../../../../arm-none-eabi/lib/thumb/v7e-m+fp/hard\libc_nano.a(lib_a-init.o)
 .ARM.attributes
                0x0000000000000621       0x34 c:/st/stm32cubeide_1.7.0/stm32cubeide/plugins/com.st.stm32cube.ide.mcu.externaltools.gnu-tools-for-stm32.9-2020-q2-update.win32_2.0.0.202105311346/tools/bin/../lib/gcc/arm-none-eabi/9.3.1/../../../../arm-none-eabi/lib/thumb/v7e-m+fp/hard\libc_nano.a(lib_a-malloc.o)
 .ARM.attributes
                0x0000000000000655       0x34 c:/st/stm32cubeide_1.7.0/stm32cubeide/plugins/com.st.stm32cube.ide.mcu.externaltools.gnu-tools-for-stm32.9-2020-q2-update.win32_2.0.0.202105311346/tools/bin/../lib/gcc/arm-none-eabi/9.3.1/../../../../arm-none-eabi/lib/thumb/v7e-m+fp/hard\libc_nano.a(lib_a-memset.o)
 .ARM.attributes
                0x0000000000000689       0x34 c:/st/stm32cubeide_1.7.0/stm32cubeide/plugins/com.st.stm32cube.ide.mcu.externaltools.gnu-tools-for-stm32.9-2020-q2-update.win32_2.0.0.202105311346/tools/bin/../lib/gcc/arm-none-eabi/9.3.1/../../../../arm-none-eabi/lib/thumb/v7e-m+fp/hard\libc_nano.a(lib_a-nano-freer.o)
 .ARM.attributes
                0x00000000000006bd       0x34 c:/st/stm32cubeide_1.7.0/stm32cubeide/plugins/com.st.stm32cube.ide.mcu.externaltools.gnu-tools-for-stm32.9-2020-q2-update.win32_2.0.0.202105311346/tools/bin/../lib/gcc/arm-none-eabi/9.3.1/../../../../arm-none-eabi/lib/thumb/v7e-m+fp/hard\libc_nano.a(lib_a-nano-mallocr.o)
 .ARM.attributes
                0x00000000000006f1       0x34 c:/st/stm32cubeide_1.7.0/stm32cubeide/plugins/com.st.stm32cube.ide.mcu.externaltools.gnu-tools-for-stm32.9-2020-q2-update.win32_2.0.0.202105311346/tools/bin/../lib/gcc/arm-none-eabi/9.3.1/../../../../arm-none-eabi/lib/thumb/v7e-m+fp/hard\libc_nano.a(lib_a-sbrkr.o)
 .ARM.attributes
                0x0000000000000725       0x34 c:/st/stm32cubeide_1.7.0/stm32cubeide/plugins/com.st.stm32cube.ide.mcu.externaltools.gnu-tools-for-stm32.9-2020-q2-update.win32_2.0.0.202105311346/tools/bin/../lib/gcc/arm-none-eabi/9.3.1/../../../../arm-none-eabi/lib/thumb/v7e-m+fp/hard\libc_nano.a(lib_a-mlock.o)
 .ARM.attributes
                0x0000000000000759       0x34 c:/st/stm32cubeide_1.7.0/stm32cubeide/plugins/com.st.stm32cube.ide.mcu.externaltools.gnu-tools-for-stm32.9-2020-q2-update.win32_2.0.0.202105311346/tools/bin/../lib/gcc/arm-none-eabi/9.3.1/../../../../arm-none-eabi/lib/thumb/v7e-m+fp/hard\libc_nano.a(lib_a-reent.o)
 .ARM.attributes
                0x000000000000078d       0x34 c:/st/stm32cubeide_1.7.0/stm32cubeide/plugins/com.st.stm32cube.ide.mcu.externaltools.gnu-tools-for-stm32.9-2020-q2-update.win32_2.0.0.202105311346/tools/bin/../lib/gcc/arm-none-eabi/9.3.1/../../../../arm-none-eabi/lib/thumb/v7e-m+fp/hard\libc_nano.a(lib_a-lock.o)
 .ARM.attributes
                0x00000000000007c1       0x1e c:/st/stm32cubeide_1.7.0/stm32cubeide/plugins/com.st.stm32cube.ide.mcu.externaltools.gnu-tools-for-stm32.9-2020-q2-update.win32_2.0.0.202105311346/tools/bin/../lib/gcc/arm-none-eabi/9.3.1/thumb/v7e-m+fp/hard\libgcc.a(_aeabi_uldivmod.o)
 .ARM.attributes
                0x00000000000007df       0x34 c:/st/stm32cubeide_1.7.0/stm32cubeide/plugins/com.st.stm32cube.ide.mcu.externaltools.gnu-tools-for-stm32.9-2020-q2-update.win32_2.0.0.202105311346/tools/bin/../lib/gcc/arm-none-eabi/9.3.1/thumb/v7e-m+fp/hard\libgcc.a(_udivmoddi4.o)
 .ARM.attributes
                0x0000000000000813       0x1e c:/st/stm32cubeide_1.7.0/stm32cubeide/plugins/com.st.stm32cube.ide.mcu.externaltools.gnu-tools-for-stm32.9-2020-q2-update.win32_2.0.0.202105311346/tools/bin/../lib/gcc/arm-none-eabi/9.3.1/thumb/v7e-m+fp/hard\libgcc.a(_dvmd_tls.o)
 .ARM.attributes
                0x0000000000000831       0x1e c:/st/stm32cubeide_1.7.0/stm32cubeide/plugins/com.st.stm32cube.ide.mcu.externaltools.gnu-tools-for-stm32.9-2020-q2-update.win32_2.0.0.202105311346/tools/bin/../lib/gcc/arm-none-eabi/9.3.1/thumb/v7e-m+fp/hard/crtn.o
OUTPUT(user_app_stm32f407.elf elf32-littlearm)
LOAD linker stubs
LOAD c:/st/stm32cubeide_1.7.0/stm32cubeide/plugins/com.st.stm32cube.ide.mcu.externaltools.gnu-tools-for-stm32.9-2020-q2-update.win32_2.0.0.202105311346/tools/bin/../lib/gcc/arm-none-eabi/9.3.1/../../../../arm-none-eabi/lib/thumb/v7e-m+fp/hard\libc.a
LOAD c:/st/stm32cubeide_1.7.0/stm32cubeide/plugins/com.st.stm32cube.ide.mcu.externaltools.gnu-tools-for-stm32.9-2020-q2-update.win32_2.0.0.202105311346/tools/bin/../lib/gcc/arm-none-eabi/9.3.1/../../../../arm-none-eabi/lib/thumb/v7e-m+fp/hard\libm.a
LOAD c:/st/stm32cubeide_1.7.0/stm32cubeide/plugins/com.st.stm32cube.ide.mcu.externaltools.gnu-tools-for-stm32.9-2020-q2-update.win32_2.0.0.202105311346/tools/bin/../lib/gcc/arm-none-eabi/9.3.1/thumb/v7e-m+fp/hard\libgcc.a

.debug_info     0x0000000000000000    0x1da18
 .debug_info    0x0000000000000000     0x1654 ./Core/Src/main.o
 .debug_info    0x0000000000001654     0x13d5 ./Core/Src/stm32f4xx_hal_msp.o
 .debug_info    0x0000000000002a29      0x7f8 ./Core/Src/stm32f4xx_it.o
 .debug_info    0x0000000000003221      0xa25 ./Core/Src/sysmem.o
 .debug_info    0x0000000000003c46      0x5a4 ./Core/Src/system_stm32f4xx.o
 .debug_info    0x00000000000041ea       0x22 ./Core/Startup/startup_stm32f407vgtx.o
 .debug_info    0x000000000000420c      0x9b2 ./Drivers/STM32F4xx_HAL_Driver/Src/stm32f4xx_hal.o
 .debug_info    0x0000000000004bbe      0xed7 ./Drivers/STM32F4xx_HAL_Driver/Src/stm32f4xx_hal_cortex.o
 .debug_info    0x0000000000005a95      0x83e ./Drivers/STM32F4xx_HAL_Driver/Src/stm32f4xx_hal_gpio.o
 .debug_info    0x00000000000062d3      0xf67 ./Drivers/STM32F4xx_HAL_Driver/Src/stm32f4xx_hal_hcd.o
 .debug_info    0x000000000000723a     0x264d ./Drivers/STM32F4xx_HAL_Driver/Src/stm32f4xx_hal_i2c.o
 .debug_info    0x0000000000009887      0xf30 ./Drivers/STM32F4xx_HAL_Driver/Src/stm32f4xx_hal_i2s.o
 .debug_info    0x000000000000a7b7      0xc22 ./Drivers/STM32F4xx_HAL_Driver/Src/stm32f4xx_hal_i2s_ex.o
 .debug_info    0x000000000000b3d9      0x996 ./Drivers/STM32F4xx_HAL_Driver/Src/stm32f4xx_hal_rcc.o
 .debug_info    0x000000000000bd6f      0x603 ./Drivers/STM32F4xx_HAL_Driver/Src/stm32f4xx_hal_rcc_ex.o
 .debug_info    0x000000000000c372     0x17c0 ./Drivers/STM32F4xx_HAL_Driver/Src/stm32f4xx_hal_spi.o
 .debug_info    0x000000000000db32     0x31de ./Drivers/STM32F4xx_HAL_Driver/Src/stm32f4xx_hal_uart.o
 .debug_info    0x0000000000010d10     0x1ab4 ./Drivers/STM32F4xx_HAL_Driver/Src/stm32f4xx_ll_usb.o
 .debug_info    0x00000000000127c4     0x1c86 ./Middlewares/ST/STM32_USB_Host_Library/Class/CDC/Src/usbh_cdc.o
 .debug_info    0x000000000001444a     0x1815 ./Middlewares/ST/STM32_USB_Host_Library/Core/Src/usbh_core.o
 .debug_info    0x0000000000015c5f     0x18e6 ./Middlewares/ST/STM32_USB_Host_Library/Core/Src/usbh_ctlreq.o
 .debug_info    0x0000000000017545     0x162f ./Middlewares/ST/STM32_USB_Host_Library/Core/Src/usbh_ioreq.o
 .debug_info    0x0000000000018b74     0x1457 ./Middlewares/ST/STM32_USB_Host_Library/Core/Src/usbh_pipes.o
 .debug_info    0x0000000000019fcb     0x13a0 ./USB_HOST/App/usb_host.o
 .debug_info    0x000000000001b36b     0x2412 ./USB_HOST/Target/usbh_conf.o
 .debug_info    0x000000000001d77d      0x29b ./USB_HOST/Target/usbh_platform.o

.debug_abbrev   0x0000000000000000     0x3d4c
 .debug_abbrev  0x0000000000000000      0x254 ./Core/Src/main.o
 .debug_abbrev  0x0000000000000254      0x1ea ./Core/Src/stm32f4xx_hal_msp.o
 .debug_abbrev  0x000000000000043e      0x1a6 ./Core/Src/stm32f4xx_it.o
 .debug_abbrev  0x00000000000005e4      0x1bf ./Core/Src/sysmem.o
 .debug_abbrev  0x00000000000007a3      0x145 ./Core/Src/system_stm32f4xx.o
 .debug_abbrev  0x00000000000008e8       0x12 ./Core/Startup/startup_stm32f407vgtx.o
 .debug_abbrev  0x00000000000008fa      0x1ed ./Drivers/STM32F4xx_HAL_Driver/Src/stm32f4xx_hal.o
 .debug_abbrev  0x0000000000000ae7      0x33c ./Drivers/STM32F4xx_HAL_Driver/Src/stm32f4xx_hal_cortex.o
 .debug_abbrev  0x0000000000000e23      0x1f1 ./Drivers/STM32F4xx_HAL_Driver/Src/stm32f4xx_hal_gpio.o
 .debug_abbrev  0x0000000000001014      0x28d ./Drivers/STM32F4xx_HAL_Driver/Src/stm32f4xx_hal_hcd.o
 .debug_abbrev  0x00000000000012a1      0x282 ./Drivers/STM32F4xx_HAL_Driver/Src/stm32f4xx_hal_i2c.o
 .debug_abbrev  0x0000000000001523      0x245 ./Drivers/STM32F4xx_HAL_Driver/Src/stm32f4xx_hal_i2s.o
 .debug_abbrev  0x0000000000001768      0x276 ./Drivers/STM32F4xx_HAL_Driver/Src/stm32f4xx_hal_i2s_ex.o
 .debug_abbrev  0x00000000000019de      0x275 ./Drivers/STM32F4xx_HAL_Driver/Src/stm32f4xx_hal_rcc.o
 .debug_abbrev  0x0000000000001c53      0x18f ./Drivers/STM32F4xx_HAL_Driver/Src/stm32f4xx_hal_rcc_ex.o
 .debug_abbrev  0x0000000000001de2      0x26e ./Drivers/STM32F4xx_HAL_Driver/Src/stm32f4xx_hal_spi.o
 .debug_abbrev  0x0000000000002050      0x2eb ./Drivers/STM32F4xx_HAL_Driver/Src/stm32f4xx_hal_uart.o
 .debug_abbrev  0x000000000000233b      0x2a7 ./Drivers/STM32F4xx_HAL_Driver/Src/stm32f4xx_ll_usb.o
 .debug_abbrev  0x00000000000025e2      0x352 ./Middlewares/ST/STM32_USB_Host_Library/Class/CDC/Src/usbh_cdc.o
 .debug_abbrev  0x0000000000002934      0x3b4 ./Middlewares/ST/STM32_USB_Host_Library/Core/Src/usbh_core.o
 .debug_abbrev  0x0000000000002ce8      0x367 ./Middlewares/ST/STM32_USB_Host_Library/Core/Src/usbh_ctlreq.o
 .debug_abbrev  0x000000000000304f      0x2b5 ./Middlewares/ST/STM32_USB_Host_Library/Core/Src/usbh_ioreq.o
 .debug_abbrev  0x0000000000003304      0x2f3 ./Middlewares/ST/STM32_USB_Host_Library/Core/Src/usbh_pipes.o
 .debug_abbrev  0x00000000000035f7      0x2a4 ./USB_HOST/App/usb_host.o
 .debug_abbrev  0x000000000000389b      0x397 ./USB_HOST/Target/usbh_conf.o
 .debug_abbrev  0x0000000000003c32      0x11a ./USB_HOST/Target/usbh_platform.o

.debug_aranges  0x0000000000000000     0x1330
 .debug_aranges
                0x0000000000000000       0x60 ./Core/Src/main.o
 .debug_aranges
                0x0000000000000060       0x60 ./Core/Src/stm32f4xx_hal_msp.o
 .debug_aranges
                0x00000000000000c0       0x70 ./Core/Src/stm32f4xx_it.o
 .debug_aranges
                0x0000000000000130       0x20 ./Core/Src/sysmem.o
 .debug_aranges
                0x0000000000000150       0x28 ./Core/Src/system_stm32f4xx.o
 .debug_aranges
                0x0000000000000178       0x28 ./Core/Startup/startup_stm32f407vgtx.o
 .debug_aranges
                0x00000000000001a0       0xf0 ./Drivers/STM32F4xx_HAL_Driver/Src/stm32f4xx_hal.o
 .debug_aranges
                0x0000000000000290      0x118 ./Drivers/STM32F4xx_HAL_Driver/Src/stm32f4xx_hal_cortex.o
 .debug_aranges
                0x00000000000003a8       0x58 ./Drivers/STM32F4xx_HAL_Driver/Src/stm32f4xx_hal_gpio.o
 .debug_aranges
                0x0000000000000400       0xf8 ./Drivers/STM32F4xx_HAL_Driver/Src/stm32f4xx_hal_hcd.o
 .debug_aranges
                0x00000000000004f8      0x2a0 ./Drivers/STM32F4xx_HAL_Driver/Src/stm32f4xx_hal_i2c.o
 .debug_aranges
                0x0000000000000798      0x108 ./Drivers/STM32F4xx_HAL_Driver/Src/stm32f4xx_hal_i2s.o
 .debug_aranges
                0x00000000000008a0       0x88 ./Drivers/STM32F4xx_HAL_Driver/Src/stm32f4xx_hal_i2s_ex.o
 .debug_aranges
                0x0000000000000928       0x88 ./Drivers/STM32F4xx_HAL_Driver/Src/stm32f4xx_hal_rcc.o
 .debug_aranges
                0x00000000000009b0       0x48 ./Drivers/STM32F4xx_HAL_Driver/Src/stm32f4xx_hal_rcc_ex.o
 .debug_aranges
                0x00000000000009f8      0x1d0 ./Drivers/STM32F4xx_HAL_Driver/Src/stm32f4xx_hal_spi.o
 .debug_aranges
                0x0000000000000bc8      0x200 ./Drivers/STM32F4xx_HAL_Driver/Src/stm32f4xx_hal_uart.o
 .debug_aranges
                0x0000000000000dc8      0x198 ./Drivers/STM32F4xx_HAL_Driver/Src/stm32f4xx_ll_usb.o
 .debug_aranges
                0x0000000000000f60       0xa8 ./Middlewares/ST/STM32_USB_Host_Library/Class/CDC/Src/usbh_cdc.o
 .debug_aranges
                0x0000000000001008       0xc0 ./Middlewares/ST/STM32_USB_Host_Library/Core/Src/usbh_core.o
 .debug_aranges
                0x00000000000010c8       0xa0 ./Middlewares/ST/STM32_USB_Host_Library/Core/Src/usbh_ctlreq.o
 .debug_aranges
                0x0000000000001168       0x60 ./Middlewares/ST/STM32_USB_Host_Library/Core/Src/usbh_ioreq.o
 .debug_aranges
                0x00000000000011c8       0x40 ./Middlewares/ST/STM32_USB_Host_Library/Core/Src/usbh_pipes.o
 .debug_aranges
                0x0000000000001208       0x30 ./USB_HOST/App/usb_host.o
 .debug_aranges
                0x0000000000001238       0xd8 ./USB_HOST/Target/usbh_conf.o
 .debug_aranges
                0x0000000000001310       0x20 ./USB_HOST/Target/usbh_platform.o

.debug_ranges   0x0000000000000000     0x11f0
 .debug_ranges  0x0000000000000000       0x50 ./Core/Src/main.o
 .debug_ranges  0x0000000000000050       0x50 ./Core/Src/stm32f4xx_hal_msp.o
 .debug_ranges  0x00000000000000a0       0x60 ./Core/Src/stm32f4xx_it.o
 .debug_ranges  0x0000000000000100       0x10 ./Core/Src/sysmem.o
 .debug_ranges  0x0000000000000110       0x18 ./Core/Src/system_stm32f4xx.o
 .debug_ranges  0x0000000000000128       0x20 ./Core/Startup/startup_stm32f407vgtx.o
 .debug_ranges  0x0000000000000148       0xe0 ./Drivers/STM32F4xx_HAL_Driver/Src/stm32f4xx_hal.o
 .debug_ranges  0x0000000000000228      0x108 ./Drivers/STM32F4xx_HAL_Driver/Src/stm32f4xx_hal_cortex.o
 .debug_ranges  0x0000000000000330       0x48 ./Drivers/STM32F4xx_HAL_Driver/Src/stm32f4xx_hal_gpio.o
 .debug_ranges  0x0000000000000378       0xe8 ./Drivers/STM32F4xx_HAL_Driver/Src/stm32f4xx_hal_hcd.o
 .debug_ranges  0x0000000000000460      0x2b8 ./Drivers/STM32F4xx_HAL_Driver/Src/stm32f4xx_hal_i2c.o
 .debug_ranges  0x0000000000000718       0xf8 ./Drivers/STM32F4xx_HAL_Driver/Src/stm32f4xx_hal_i2s.o
 .debug_ranges  0x0000000000000810       0x78 ./Drivers/STM32F4xx_HAL_Driver/Src/stm32f4xx_hal_i2s_ex.o
 .debug_ranges  0x0000000000000888       0x78 ./Drivers/STM32F4xx_HAL_Driver/Src/stm32f4xx_hal_rcc.o
 .debug_ranges  0x0000000000000900       0x38 ./Drivers/STM32F4xx_HAL_Driver/Src/stm32f4xx_hal_rcc_ex.o
 .debug_ranges  0x0000000000000938      0x1c0 ./Drivers/STM32F4xx_HAL_Driver/Src/stm32f4xx_hal_spi.o
 .debug_ranges  0x0000000000000af8      0x220 ./Drivers/STM32F4xx_HAL_Driver/Src/stm32f4xx_hal_uart.o
 .debug_ranges  0x0000000000000d18      0x188 ./Drivers/STM32F4xx_HAL_Driver/Src/stm32f4xx_ll_usb.o
 .debug_ranges  0x0000000000000ea0       0x98 ./Middlewares/ST/STM32_USB_Host_Library/Class/CDC/Src/usbh_cdc.o
 .debug_ranges  0x0000000000000f38       0xb0 ./Middlewares/ST/STM32_USB_Host_Library/Core/Src/usbh_core.o
 .debug_ranges  0x0000000000000fe8       0x90 ./Middlewares/ST/STM32_USB_Host_Library/Core/Src/usbh_ctlreq.o
 .debug_ranges  0x0000000000001078       0x50 ./Middlewares/ST/STM32_USB_Host_Library/Core/Src/usbh_ioreq.o
 .debug_ranges  0x00000000000010c8       0x30 ./Middlewares/ST/STM32_USB_Host_Library/Core/Src/usbh_pipes.o
 .debug_ranges  0x00000000000010f8       0x20 ./USB_HOST/App/usb_host.o
 .debug_ranges  0x0000000000001118       0xc8 ./USB_HOST/Target/usbh_conf.o
 .debug_ranges  0x00000000000011e0       0x10 ./USB_HOST/Target/usbh_platform.o

.debug_macro    0x0000000000000000    0x24005
 .debug_macro   0x0000000000000000      0x229 ./Core/Src/main.o
 .debug_macro   0x0000000000000229      0xaa8 ./Core/Src/main.o
 .debug_macro   0x0000000000000cd1      0x2ad ./Core/Src/main.o
 .debug_macro   0x0000000000000f7e       0x2e ./Core/Src/main.o
 .debug_macro   0x0000000000000fac       0x2f ./Core/Src/main.o
 .debug_macro   0x0000000000000fdb       0x22 ./Core/Src/main.o
 .debug_macro   0x0000000000000ffd       0x8e ./Core/Src/main.o
 .debug_macro   0x000000000000108b       0x51 ./Core/Src/main.o
 .debug_macro   0x00000000000010dc      0x103 ./Core/Src/main.o
 .debug_macro   0x00000000000011df       0x6a ./Core/Src/main.o
 .debug_macro   0x0000000000001249      0x1df ./Core/Src/main.o
 .debug_macro   0x0000000000001428       0x1c ./Core/Src/main.o
 .debug_macro   0x0000000000001444       0x22 ./Core/Src/main.o
 .debug_macro   0x0000000000001466       0xdf ./Core/Src/main.o
 .debug_macro   0x0000000000001545     0x102d ./Core/Src/main.o
 .debug_macro   0x0000000000002572      0x11f ./Core/Src/main.o
 .debug_macro   0x0000000000002691    0x15e58 ./Core/Src/main.o
 .debug_macro   0x00000000000184e9       0x6d ./Core/Src/main.o
 .debug_macro   0x0000000000018556     0x3666 ./Core/Src/main.o
 .debug_macro   0x000000000001bbbc      0x174 ./Core/Src/main.o
 .debug_macro   0x000000000001bd30       0x5c ./Core/Src/main.o
 .debug_macro   0x000000000001bd8c      0x96b ./Core/Src/main.o
 .debug_macro   0x000000000001c6f7      0x9fe ./Core/Src/main.o
 .debug_macro   0x000000000001d0f5      0x116 ./Core/Src/main.o
 .debug_macro   0x000000000001d20b      0x13e ./Core/Src/main.o
 .debug_macro   0x000000000001d349       0xa5 ./Core/Src/main.o
 .debug_macro   0x000000000001d3ee      0x174 ./Core/Src/main.o
 .debug_macro   0x000000000001d562      0x287 ./Core/Src/main.o
 .debug_macro   0x000000000001d7e9       0x5f ./Core/Src/main.o
 .debug_macro   0x000000000001d848      0x236 ./Core/Src/main.o
 .debug_macro   0x000000000001da7e      0x12c ./Core/Src/main.o
 .debug_macro   0x000000000001dbaa      0x21e ./Core/Src/main.o
 .debug_macro   0x000000000001ddc8       0x2e ./Core/Src/main.o
 .debug_macro   0x000000000001ddf6      0x1b5 ./Core/Src/main.o
 .debug_macro   0x000000000001dfab       0xd6 ./Core/Src/main.o
 .debug_macro   0x000000000001e081      0x1a7 ./Core/Src/main.o
 .debug_macro   0x000000000001e228       0x46 ./Core/Src/main.o
 .debug_macro   0x000000000001e26e       0x4a ./Core/Src/main.o
 .debug_macro   0x000000000001e2b8      0x11a ./Core/Src/main.o
 .debug_macro   0x000000000001e3d2       0x7e ./Core/Src/main.o
 .debug_macro   0x000000000001e450       0x89 ./Core/Src/main.o
 .debug_macro   0x000000000001e4d9      0x225 ./Core/Src/main.o
 .debug_macro   0x000000000001e6fe      0x295 ./Core/Src/main.o
 .debug_macro   0x000000000001e993      0x21e ./Core/Src/main.o
 .debug_macro   0x000000000001ebb1       0x7c ./Core/Src/main.o
 .debug_macro   0x000000000001ec2d      0x12d ./Core/Src/main.o
 .debug_macro   0x000000000001ed5a      0x196 ./Core/Src/main.o
 .debug_macro   0x000000000001eef0      0x21f ./Core/Src/stm32f4xx_hal_msp.o
 .debug_macro   0x000000000001f10f      0x229 ./Core/Src/stm32f4xx_it.o
 .debug_macro   0x000000000001f338       0xff ./Core/Src/sysmem.o
 .debug_macro   0x000000000001f437      0x23b ./Core/Src/sysmem.o
 .debug_macro   0x000000000001f672      0x222 ./Core/Src/system_stm32f4xx.o
 .debug_macro   0x000000000001f894      0x270 ./Drivers/STM32F4xx_HAL_Driver/Src/stm32f4xx_hal.o
 .debug_macro   0x000000000001fb04      0x210 ./Drivers/STM32F4xx_HAL_Driver/Src/stm32f4xx_hal_cortex.o
 .debug_macro   0x000000000001fd14      0x216 ./Drivers/STM32F4xx_HAL_Driver/Src/stm32f4xx_hal_gpio.o
 .debug_macro   0x000000000001ff2a      0x210 ./Drivers/STM32F4xx_HAL_Driver/Src/stm32f4xx_hal_hcd.o
 .debug_macro   0x000000000002013a      0x257 ./Drivers/STM32F4xx_HAL_Driver/Src/stm32f4xx_hal_i2c.o
 .debug_macro   0x0000000000020391      0x218 ./Drivers/STM32F4xx_HAL_Driver/Src/stm32f4xx_hal_i2s.o
 .debug_macro   0x00000000000205a9      0x210 ./Drivers/STM32F4xx_HAL_Driver/Src/stm32f4xx_hal_i2s_ex.o
 .debug_macro   0x00000000000207b9      0x234 ./Drivers/STM32F4xx_HAL_Driver/Src/stm32f4xx_hal_rcc.o
 .debug_macro   0x00000000000209ed      0x210 ./Drivers/STM32F4xx_HAL_Driver/Src/stm32f4xx_hal_rcc_ex.o
 .debug_macro   0x0000000000020bfd      0x21f ./Drivers/STM32F4xx_HAL_Driver/Src/stm32f4xx_hal_spi.o
 .debug_macro   0x0000000000020e1c      0x211 ./Drivers/STM32F4xx_HAL_Driver/Src/stm32f4xx_hal_uart.o
 .debug_macro   0x000000000002102d      0x210 ./Drivers/STM32F4xx_HAL_Driver/Src/stm32f4xx_ll_usb.o
 .debug_macro   0x000000000002123d      0x43e ./Middlewares/ST/STM32_USB_Host_Library/Class/CDC/Src/usbh_cdc.o
 .debug_macro   0x000000000002167b       0x16 ./Middlewares/ST/STM32_USB_Host_Library/Class/CDC/Src/usbh_cdc.o
 .debug_macro   0x0000000000021691       0x97 ./Middlewares/ST/STM32_USB_Host_Library/Class/CDC/Src/usbh_cdc.o
 .debug_macro   0x0000000000021728       0xfd ./Middlewares/ST/STM32_USB_Host_Library/Class/CDC/Src/usbh_cdc.o
 .debug_macro   0x0000000000021825       0x16 ./Middlewares/ST/STM32_USB_Host_Library/Class/CDC/Src/usbh_cdc.o
 .debug_macro   0x000000000002183b       0x20 ./Middlewares/ST/STM32_USB_Host_Library/Class/CDC/Src/usbh_cdc.o
 .debug_macro   0x000000000002185b       0xd9 ./Middlewares/ST/STM32_USB_Host_Library/Class/CDC/Src/usbh_cdc.o
 .debug_macro   0x0000000000021934       0x56 ./Middlewares/ST/STM32_USB_Host_Library/Class/CDC/Src/usbh_cdc.o
 .debug_macro   0x000000000002198a       0x73 ./Middlewares/ST/STM32_USB_Host_Library/Class/CDC/Src/usbh_cdc.o
 .debug_macro   0x00000000000219fd      0x218 ./Middlewares/ST/STM32_USB_Host_Library/Class/CDC/Src/usbh_cdc.o
 .debug_macro   0x0000000000021c15       0x2e ./Middlewares/ST/STM32_USB_Host_Library/Class/CDC/Src/usbh_cdc.o
 .debug_macro   0x0000000000021c43       0x2e ./Middlewares/ST/STM32_USB_Host_Library/Class/CDC/Src/usbh_cdc.o
 .debug_macro   0x0000000000021c71       0x28 ./Middlewares/ST/STM32_USB_Host_Library/Class/CDC/Src/usbh_cdc.o
 .debug_macro   0x0000000000021c99      0x15c ./Middlewares/ST/STM32_USB_Host_Library/Class/CDC/Src/usbh_cdc.o
 .debug_macro   0x0000000000021df5      0x43b ./Middlewares/ST/STM32_USB_Host_Library/Core/Src/usbh_core.o
 .debug_macro   0x0000000000022230      0x433 ./Middlewares/ST/STM32_USB_Host_Library/Core/Src/usbh_ctlreq.o
 .debug_macro   0x0000000000022663       0x28 ./Middlewares/ST/STM32_USB_Host_Library/Core/Src/usbh_ctlreq.o
 .debug_macro   0x000000000002268b      0x42d ./Middlewares/ST/STM32_USB_Host_Library/Core/Src/usbh_ioreq.o
 .debug_macro   0x0000000000022ab8      0x42d ./Middlewares/ST/STM32_USB_Host_Library/Core/Src/usbh_pipes.o
 .debug_macro   0x0000000000022ee5      0x43c ./USB_HOST/App/usb_host.o
 .debug_macro   0x0000000000023321       0x52 ./USB_HOST/App/usb_host.o
 .debug_macro   0x0000000000023373      0x333 ./USB_HOST/App/usb_host.o
 .debug_macro   0x00000000000236a6      0x19c ./USB_HOST/App/usb_host.o
 .debug_macro   0x0000000000023842      0x162 ./USB_HOST/App/usb_host.o
 .debug_macro   0x00000000000239a4      0x43d ./USB_HOST/Target/usbh_conf.o
 .debug_macro   0x0000000000023de1      0x224 ./USB_HOST/Target/usbh_platform.o

.debug_line     0x0000000000000000    0x19e13
 .debug_line    0x0000000000000000      0x9a9 ./Core/Src/main.o
 .debug_line    0x00000000000009a9      0x8db ./Core/Src/stm32f4xx_hal_msp.o
 .debug_line    0x0000000000001284      0x837 ./Core/Src/stm32f4xx_it.o
 .debug_line    0x0000000000001abb      0x4f8 ./Core/Src/sysmem.o
 .debug_line    0x0000000000001fb3      0x7c3 ./Core/Src/system_stm32f4xx.o
 .debug_line    0x0000000000002776       0x88 ./Core/Startup/startup_stm32f407vgtx.o
 .debug_line    0x00000000000027fe      0xa23 ./Drivers/STM32F4xx_HAL_Driver/Src/stm32f4xx_hal.o
 .debug_line    0x0000000000003221      0xcd2 ./Drivers/STM32F4xx_HAL_Driver/Src/stm32f4xx_hal_cortex.o
 .debug_line    0x0000000000003ef3      0xb99 ./Drivers/STM32F4xx_HAL_Driver/Src/stm32f4xx_hal_gpio.o
 .debug_line    0x0000000000004a8c     0x1248 ./Drivers/STM32F4xx_HAL_Driver/Src/stm32f4xx_hal_hcd.o
 .debug_line    0x0000000000005cd4     0x39cf ./Drivers/STM32F4xx_HAL_Driver/Src/stm32f4xx_hal_i2c.o
 .debug_line    0x00000000000096a3     0x13bc ./Drivers/STM32F4xx_HAL_Driver/Src/stm32f4xx_hal_i2s.o
 .debug_line    0x000000000000aa5f     0x14bb ./Drivers/STM32F4xx_HAL_Driver/Src/stm32f4xx_hal_i2s_ex.o
 .debug_line    0x000000000000bf1a      0xd9f ./Drivers/STM32F4xx_HAL_Driver/Src/stm32f4xx_hal_rcc.o
 .debug_line    0x000000000000ccb9      0xa39 ./Drivers/STM32F4xx_HAL_Driver/Src/stm32f4xx_hal_rcc_ex.o
 .debug_line    0x000000000000d6f2     0x1cab ./Drivers/STM32F4xx_HAL_Driver/Src/stm32f4xx_hal_spi.o
 .debug_line    0x000000000000f39d     0x2aaa ./Drivers/STM32F4xx_HAL_Driver/Src/stm32f4xx_hal_uart.o
 .debug_line    0x0000000000011e47     0x19b2 ./Drivers/STM32F4xx_HAL_Driver/Src/stm32f4xx_ll_usb.o
 .debug_line    0x00000000000137f9      0xf4e ./Middlewares/ST/STM32_USB_Host_Library/Class/CDC/Src/usbh_cdc.o
 .debug_line    0x0000000000014747     0x11ac ./Middlewares/ST/STM32_USB_Host_Library/Core/Src/usbh_core.o
 .debug_line    0x00000000000158f3      0xf60 ./Middlewares/ST/STM32_USB_Host_Library/Core/Src/usbh_ctlreq.o
 .debug_line    0x0000000000016853      0xb2a ./Middlewares/ST/STM32_USB_Host_Library/Core/Src/usbh_ioreq.o
 .debug_line    0x000000000001737d      0xad4 ./Middlewares/ST/STM32_USB_Host_Library/Core/Src/usbh_pipes.o
 .debug_line    0x0000000000017e51      0xabe ./USB_HOST/App/usb_host.o
 .debug_line    0x000000000001890f      0xd96 ./USB_HOST/Target/usbh_conf.o
 .debug_line    0x00000000000196a5      0x76e ./USB_HOST/Target/usbh_platform.o

.debug_str      0x0000000000000000    0xcdc66
 .debug_str     0x0000000000000000    0xc2ed2 ./Core/Src/main.o
                                      0xc3246 (size before relaxing)
 .debug_str     0x00000000000c2ed2      0x145 ./Core/Src/stm32f4xx_hal_msp.o
                                      0xc2c84 (size before relaxing)