16:24:00 **** Incremental Build of configuration Debug for project bootloader_stm32f407 ****
make -j8 all 
arm-none-eabi-gcc "../Core/Src/main.c" -mcpu=cortex-m4 -std=gnu11 -g3 -DDEBUG -DUSE_HAL_DRIVER -DSTM32F407xx -c -I../USB_HOST/App -I../USB_HOST/Target -I../Core/Inc -I../Drivers/STM32F4xx_HAL_Driver/Inc -I../Drivers/STM32F4xx_HAL_Driver/Inc/Legacy -I../Middlewares/ST/STM32_USB_Host_Library/Core/Inc -I../Middlewares/ST/STM32_USB_Host_Library/Class/CDC/Inc -I../Drivers/CMSIS/Device/ST/STM32F4xx/Include -I../Drivers/CMSIS/Include -O0 -ffunction-sections -fdata-sections -Wall -fstack-usage -MMD -MP -MF"Core/Src/main.d" -MT"Core/Src/main.o" --specs=nano.specs -mfpu=fpv4-sp-d16 -mfloat-abi=hard -mthumb -o "Core/Src/main.o"
arm-none-eabi-gcc -o "bootloader_stm32f407.elf" @"objects.list"   -mcpu=cortex-m4 -T"C:\kai_project\custom_bootloader\bootloader_stm32f407\STM32F407VGTX_FLASH.ld" --specs=nosys.specs -Wl,-Map="bootloader_stm32f407.map" -Wl,--gc-sections -static --specs=nano.specs -mfpu=fpv4-sp-d16 -mfloat-abi=hard -mthumb -Wl,--start-group -lc -lm -Wl,--end-group
Finished building target: bootloader_stm32f407.elf
 
arm-none-eabi-size   bootloader_stm32f407.elf 
arm-none-eabi-objdump -h -S  bootloader_stm32f407.elf  > "bootloader_stm32f407.list"
arm-none-eabi-objcopy  -O binary  bootloader_stm32f407.elf  "bootloader_stm32f407.bin"
   text	   data	    bss	    dec	    hex	filename
  34208	    152	   3944	  38304	   95a0	bootloader_stm32f407.elf
Finished building: default.size.stdout
 
Finished building: bootloader_stm32f407.list
Finished building: bootloader_stm32f407.bin
 
 
16:24:44 **** Incremental Build of configuration Debug for project bootloader_stm32f407 ****
make -j8 all 
arm-none-eabi-size   bootloader_stm32f407.elf 
   text	   data	    bss	    dec	    hex	filename
  34208	    152	   3944	  38304	   95a0	bootloader_stm32f407.elf
Finished building: default.size.stdout
 
