main.c:94:5:main	8	static
main.c:142:6:bootloader_uart_read_data	16	static
main.c:195:6:bootloader_jump_to_app	24	static,ignoring_inline_asm
main.c:226:6:printmsg	96	static
main.c:243:6:SystemClock_Config	88	static
main.c:287:13:MX_CRC_Init	8	static
main.c:313:13:MX_I2C1_Init	8	static
main.c:347:13:MX_I2S3_Init	8	static
main.c:381:13:MX_SPI1_Init	8	static
main.c:419:13:MX_USART2_UART_Init	8	static
main.c:452:13:MX_USART3_UART_Init	8	static
main.c:485:13:MX_GPIO_Init	56	static
main.c:573:6:bootloader_handle_getver_cmd	32	static
main.c:605:6:bootloader_handle_gethelp_cmd	16	static
main.c:611:6:bootloader_handle_getcid_cmd	16	static
main.c:617:6:bootloader_handle_getrdp_cmd	16	static
main.c:623:6:bootloader_handle_go_cmd	16	static
main.c:629:6:bootloader_handle_flash_erase_cmd	16	static
main.c:635:6:bootloader_handle_mem_write_cmd	16	static
main.c:641:6:bootloader_handle_en_rw_protect	16	static
main.c:647:6:bootloader_handle_mem_read	16	static
main.c:653:6:bootloader_handle_read_sector_status	16	static
main.c:659:6:bootloader_handle_read_otp	16	static
main.c:664:9:get_bootloader_version	4	static
main.c:669:6:bootloader_uart_write_data	16	static
main.c:674:9:bootloader_verify_crc	40	static
main.c:690:6:bootloader_send_ack	24	static
main.c:699:6:bootloader_send_nack	16	static
main.c:709:6:Error_Handler	4	static,ignoring_inline_asm
