main.c:111:5:main	8	static
main.c:159:6:bootloader_uart_read_data	16	static
main.c:211:6:bootloader_jump_to_app	24	static,ignoring_inline_asm
main.c:240:6:printmsg	96	static
main.c:257:6:SystemClock_Config	88	static
main.c:301:13:MX_CRC_Init	8	static
main.c:327:13:MX_I2C1_Init	8	static
main.c:361:13:MX_I2S3_Init	8	static
main.c:395:13:MX_SPI1_Init	8	static
main.c:433:13:MX_USART2_UART_Init	8	static
main.c:466:13:MX_USART3_UART_Init	8	static
main.c:499:13:MX_GPIO_Init	56	static
main.c:587:6:bootloader_handle_gethelp_cmd	24	static
main.c:614:6:bootloader_handle_getver_cmd	32	static
main.c:643:6:bootloader_handle_getcid_cmd	32	static
main.c:672:6:bootloader_handle_getrdp_cmd	32	static
main.c:702:6:bootloader_handle_go_cmd	40	static
main.c:762:6:bootloader_handle_flash_erase_cmd	32	static
main.c:798:6:bootloader_handle_mem_write_cmd	40	static
main.c:858:6:bootloader_handle_en_rw_protect	32	static
main.c:889:6:bootloader_handle_dis_rw_protect	32	static
main.c:921:6:bootloader_handle_mem_read	16	static
main.c:928:6:bootloader_handle_read_sector_protection_status	32	static
main.c:956:6:bootloader_handle_read_otp	16	static
main.c:961:9:get_bootloader_version	4	static
main.c:966:6:bootloader_uart_write_data	16	static
main.c:972:9:bootloader_verify_crc	40	static
main.c:994:6:bootloader_send_ack	24	static
main.c:1003:6:bootloader_send_nack	16	static
main.c:1009:10:get_mcu_chip_id	16	static
main.c:1016:9:get_flash_rdp_level	16	static
main.c:1032:9:verify_address	16	static
main.c:1063:9:execute_flash_erase	48	static
main.c:1112:9:execute_mem_write	32	static
main.c:1140:9:configure_flash_sector_rw_protection	24	static
main.c:1235:10:read_OB_rw_protection_status	40	static
main.c:1256:6:Error_Handler	4	static,ignoring_inline_asm
